Archive member included to satisfy reference by file (symbol)

C:\Users\15977\AppData\Local\arduino15\packages\Intel\hardware\arc32\2.0.2\variants\arduino_101\libarc32drv_arduino101.a(c_init.o)
                              (--whole-archive)
C:\Users\15977\AppData\Local\arduino15\packages\Intel\hardware\arc32\2.0.2\variants\arduino_101\libarc32drv_arduino101.a(interrupt.o)
                              (--whole-archive)
C:\Users\15977\AppData\Local\arduino15\packages\Intel\hardware\arc32\2.0.2\variants\arduino_101\libarc32drv_arduino101.a(version.o)
                              (--whole-archive)
C:\Users\15977\AppData\Local\arduino15\packages\Intel\hardware\arc32\2.0.2\variants\arduino_101\libarc32drv_arduino101.a(arcv2_timer0.o)
                              (--whole-archive)
C:\Users\15977\AppData\Local\arduino15\packages\Intel\hardware\arc32\2.0.2\variants\arduino_101\libarc32drv_arduino101.a(atomic_native.o)
                              (--whole-archive)
C:\Users\15977\AppData\Local\arduino15\packages\Intel\hardware\arc32\2.0.2\variants\arduino_101\libarc32drv_arduino101.a(clk_system.o)
                              (--whole-archive)
C:\Users\15977\AppData\Local\arduino15\packages\Intel\hardware\arc32\2.0.2\variants\arduino_101\libarc32drv_arduino101.a(intel_qrk_i2c.o)
                              (--whole-archive)
C:\Users\15977\AppData\Local\arduino15\packages\Intel\hardware\arc32\2.0.2\variants\arduino_101\libarc32drv_arduino101.a(ipc_uart_ns16550.o)
                              (--whole-archive)
C:\Users\15977\AppData\Local\arduino15\packages\Intel\hardware\arc32\2.0.2\variants\arduino_101\libarc32drv_arduino101.a(ns16550.o)
                              (--whole-archive)
C:\Users\15977\AppData\Local\arduino15\packages\Intel\hardware\arc32\2.0.2\variants\arduino_101\libarc32drv_arduino101.a(soc_dma.o)
                              (--whole-archive)
C:\Users\15977\AppData\Local\arduino15\packages\Intel\hardware\arc32\2.0.2\variants\arduino_101\libarc32drv_arduino101.a(soc_gpio.o)
                              (--whole-archive)
C:\Users\15977\AppData\Local\arduino15\packages\Intel\hardware\arc32\2.0.2\variants\arduino_101\libarc32drv_arduino101.a(soc_i2s.o)
                              (--whole-archive)
C:\Users\15977\AppData\Local\arduino15\packages\Intel\hardware\arc32\2.0.2\variants\arduino_101\libarc32drv_arduino101.a(ss_dw_i2c.o)
                              (--whole-archive)
C:\Users\15977\AppData\Local\arduino15\packages\Intel\hardware\arc32\2.0.2\variants\arduino_101\libarc32drv_arduino101.a(ss_gpio_iface.o)
                              (--whole-archive)
C:\Users\15977\AppData\Local\arduino15\packages\Intel\hardware\arc32\2.0.2\variants\arduino_101\libarc32drv_arduino101.a(ss_i2c_iface.o)
                              (--whole-archive)
C:\Users\15977\AppData\Local\arduino15\packages\Intel\hardware\arc32\2.0.2\variants\arduino_101\libarc32drv_arduino101.a(ss_spi.o)
                              (--whole-archive)
C:\Users\15977\AppData\Local\arduino15\packages\Intel\hardware\arc32\2.0.2\variants\arduino_101\libarc32drv_arduino101.a(rpc_deserialize.o)
                              (--whole-archive)
C:\Users\15977\AppData\Local\arduino15\packages\Intel\hardware\arc32\2.0.2\variants\arduino_101\libarc32drv_arduino101.a(rpc_serialize.o)
                              (--whole-archive)
C:\Users\15977\AppData\Local\arduino15\packages\Intel\hardware\arc32\2.0.2\variants\arduino_101\libarc32drv_arduino101.a(cfw_platform.o)
                              (--whole-archive)
C:\Users\15977\AppData\Local\arduino15\packages\Intel\hardware\arc32\2.0.2\variants\arduino_101\libarc32drv_arduino101.a(conn.o)
                              (--whole-archive)
C:\Users\15977\AppData\Local\arduino15\packages\Intel\hardware\arc32\2.0.2\variants\arduino_101\libarc32drv_arduino101.a(dtm_tcmd.o)
                              (--whole-archive)
C:\Users\15977\AppData\Local\arduino15\packages\Intel\hardware\arc32\2.0.2\variants\arduino_101\libarc32drv_arduino101.a(gap.o)
                              (--whole-archive)
C:\Users\15977\AppData\Local\arduino15\packages\Intel\hardware\arc32\2.0.2\variants\arduino_101\libarc32drv_arduino101.a(gatt.o)
                              (--whole-archive)
C:\Users\15977\AppData\Local\arduino15\packages\Intel\hardware\arc32\2.0.2\variants\arduino_101\libarc32drv_arduino101.a(l2cap.o)
                              (--whole-archive)
C:\Users\15977\AppData\Local\arduino15\packages\Intel\hardware\arc32\2.0.2\variants\arduino_101\libarc32drv_arduino101.a(smp_null.o)
                              (--whole-archive)
C:\Users\15977\AppData\Local\arduino15\packages\Intel\hardware\arc32\2.0.2\variants\arduino_101\libarc32drv_arduino101.a(uuid.o)
                              (--whole-archive)
C:\Users\15977\AppData\Local\arduino15\packages\Intel\hardware\arc32\2.0.2\variants\arduino_101\libarc32drv_arduino101.a(ble_service_api.o)
                              (--whole-archive)
[...]
Memory Configuration

Name             Origin             Length             Attributes
FLASH            0x40034000         0x00026000         xr
SRAM             0xa800e000         0x00006000         xw
DCCM             0x80000000         0x00002000         xw
*default*        0x00000000         0xffffffff

Linker script and memory map

LOAD C:\Users\15977\AppData\Local\arduino15\packages\Intel\hardware\arc32\2.0.2\variants\arduino_101\libarc32drv_arduino101.a
START GROUP
LOAD C:\Users\15977\AppData\Local\arduino15\packages\Intel\hardware\arc32\2.0.2\variants\arduino_101\libarc32drv_arduino101.a
LOAD c:/users/15977/appdata/local/arduino15/packages/intel/tools/arc-elf32/1.6.9+1.0.1/bin/../lib/gcc/arc-elf32/4.8.5/../../../../arc-elf32/lib\libnsim.a
LOAD c:/users/15977/appdata/local/arduino15/packages/intel/tools/arc-elf32/1.6.9+1.0.1/bin/../lib/gcc/arc-elf32/4.8.5/../../../../arc-elf32/lib\libc.a
LOAD c:/users/15977/appdata/local/arduino15/packages/intel/tools/arc-elf32/1.6.9+1.0.1/bin/../lib/gcc/arc-elf32/4.8.5/../../../../arc-elf32/lib\libm.a
LOAD c:/users/15977/appdata/local/arduino15/packages/intel/tools/arc-elf32/1.6.9+1.0.1/bin/../lib/gcc/arc-elf32/4.8.5\libgcc.a
LOAD C:\Users\15977\AppData\Local\Temp\VMBuilds\SmallCar\Intel_intel_arc32_arduino_101\Debug\SmallCar.cpp.o
LOAD C:\Users\15977\AppData\Local\Temp\VMBuilds\SmallCar\Intel_intel_arc32_arduino_101\Debug\VM_DBG\VM_DBG.cpp.o
LOAD C:\Users\15977\AppData\Local\Temp\VMBuilds\SmallCar\Intel_intel_arc32_arduino_101\Debug\VM_DBG\VM_mem_check_sam.cpp.o
LOAD C:\Users\15977\AppData\Local\Temp\VMBuilds\SmallCar\Intel_intel_arc32_arduino_101\Debug\Blink.cpp.o
LOAD C:\Users\15977\AppData\Local\Temp\VMBuilds\SmallCar\Intel_intel_arc32_arduino_101\Debug\DHT11.cpp.o
LOAD C:\Users\15977\AppData\Local\Temp\VMBuilds\SmallCar\Intel_intel_arc32_arduino_101\Debug\Motor.cpp.o
LOAD C:\Users\15977\AppData\Local\Temp\VMBuilds\SmallCar\Intel_intel_arc32_arduino_101\Debug\SR04.cpp.o
LOAD C:\Users\15977\AppData\Local\Temp\VMBuilds\SmallCar\Intel_intel_arc32_arduino_101\Debug\variant\variant.cpp.o
LOAD C:\Users\15977\AppData\Local\Temp\VMBuilds\SmallCar\Intel_intel_arc32_arduino_101\Debug/core.a
                0x00000800                __stack_size = 0x800
                0x00000400                __firq_stack_size = 0x400
                0x00002000                __HEAP_SIZE_MIN = 0x2000
                0x00001000                __PAGE_SIZE = 0x1000

text            0x40034000     0xb7a8
                0x40034000                __text_start = .
 *(.int_vector_table)
 .int_vector_table
                0x40034000      0x110 C:\Users\15977\AppData\Local\arduino15\packages\Intel\hardware\arc32\2.0.2\variants\arduino_101\libarc32drv_arduino101.a(init.o)
 *(.int_vector_table.*)
 *(.version_header)
 .version_header
                0x40034110       0x30 C:\Users\15977\AppData\Local\arduino15\packages\Intel\hardware\arc32\2.0.2\variants\arduino_101\libarc32drv_arduino101.a(version.o)
                0x40034110                version_header
 *(.version_header*)
 *(.text)
 .text          0x40034140       0x98 C:\Users\15977\AppData\Local\arduino15\packages\Intel\hardware\arc32\2.0.2\variants\arduino_101\libarc32drv_arduino101.a(init.o)
                0x40034168                _exit_halt
                0x40034168                _do_fault
                0x40034188                _do_isr
 .text          0x400341d8       0xf8 c:/users/15977/appdata/local/arduino15/packages/intel/tools/arc-elf32/1.6.9+1.0.1/bin/../lib/gcc/arc-elf32/4.8.5/../../../../arc-elf32/lib\libc.a(lib_a-memcmp-bs-norm.o)
                0x400341d8                memcmp
 .text          0x400342d0       0x80 c:/users/15977/appdata/local/arduino15/packages/intel/tools/arc-elf32/1.6.9+1.0.1/bin/../lib/gcc/arc-elf32/4.8.5/../../../../arc-elf32/lib\libc.a(lib_a-memcpy-bs.o)
                0x400342d0                memcpy
 .text          0x40034350       0x6c c:/users/15977/appdata/local/arduino15/packages/intel/tools/arc-elf32/1.6.9+1.0.1/bin/../lib/gcc/arc-elf32/4.8.5/../../../../arc-elf32/lib\libc.a(lib_a-memset-bs.o)
                0x40034350                memset
                0x400343a4                __strncpy_bzero
 .text          0x400343bc       0x88 c:/users/15977/appdata/local/arduino15/packages/intel/tools/arc-elf32/1.6.9+1.0.1/bin/../lib/gcc/arc-elf32/4.8.5/../../../../arc-elf32/lib\libc.a(lib_a-strlen-bs-norm.o)
                0x400343bc                strlen
 .text          0x40034444        0x4 c:/users/15977/appdata/local/arduino15/packages/intel/tools/arc-elf32/1.6.9+1.0.1/bin/../lib/gcc/arc-elf32/4.8.5\libgcc.a(_udivsi3.o)
                0x40034444                __udivsi3
 .text          0x40034448       0x10 c:/users/15977/appdata/local/arduino15/packages/intel/tools/arc-elf32/1.6.9+1.0.1/bin/../lib/gcc/arc-elf32/4.8.5\libgcc.a(_umodsi3.o)
                0x40034448                __umodsi3
 .text          0x40034458       0x74 c:/users/15977/appdata/local/arduino15/packages/intel/tools/arc-elf32/1.6.9+1.0.1/bin/../lib/gcc/arc-elf32/4.8.5\libgcc.a(_divmod_tools.o)
                0x40034458                __udivmodsi4
 .text          0x400344cc       0x30 c:/users/15977/appdata/local/arduino15/packages/intel/tools/arc-elf32/1.6.9+1.0.1/bin/../lib/gcc/arc-elf32/4.8.5\libgcc.a(_millicodethunk_st.o)
                0x400344cc                __st_r13_to_r25
                0x400344d0                __st_r13_to_r24
                0x400344d4                __st_r13_to_r23
                0x400344d8                __st_r13_to_r22
                0x400344dc                __st_r13_to_r21
                0x400344e0                __st_r13_to_r20
                0x400344e4                __st_r13_to_r19
                0x400344e8                __st_r13_to_r18
                0x400344ec                __st_r13_to_r17
                0x400344f0                __st_r13_to_r16
                0x400344f4                __st_r13_to_r15
 .text          0x400344fc       0x30 c:/users/15977/appdata/local/arduino15/packages/intel/tools/arc-elf32/1.6.9+1.0.1/bin/../lib/gcc/arc-elf32/4.8.5\libgcc.a(_millicodethunk_ld.o)
                0x400344fc                __ld_r13_to_r25
                0x40034500                __ld_r13_to_r24
                0x40034504                __ld_r13_to_r23
                0x40034508                __ld_r13_to_r22
                0x4003450c                __ld_r13_to_r21
                0x40034510                __ld_r13_to_r20
                0x40034514                __ld_r13_to_r19
                0x40034518                __ld_r13_to_r18
                0x4003451c                __ld_r13_to_r17
                0x40034520                __ld_r13_to_r16
                0x40034524                __ld_r13_to_r15
 .text          0x4003452c       0x3c c:/users/15977/appdata/local/arduino15/packages/intel/tools/arc-elf32/1.6.9+1.0.1/bin/../lib/gcc/arc-elf32/4.8.5\libgcc.a(_millicodethunk_ret.o)
                0x4003452c                __ld_r13_to_r25_ret
                0x40034530                __ld_r13_to_r24_ret
                0x40034534                __ld_r13_to_r23_ret
                0x40034538                __ld_r13_to_r22_ret
                0x4003453c                __ld_r13_to_r21_ret
                0x40034540                __ld_r13_to_r20_ret
                0x40034544                __ld_r13_to_r19_ret
                0x40034548                __ld_r13_to_r18_ret
                0x4003454c                __ld_r13_to_r17_ret
                0x40034550                __ld_r13_to_r16_ret
                0x40034554                __ld_r13_to_r15_ret
                0x40034558                __ld_r13_to_r14_ret
 .text          0x40034568      0x3f4 c:/users/15977/appdata/local/arduino15/packages/intel/tools/arc-elf32/1.6.9+1.0.1/bin/../lib/gcc/arc-elf32/4.8.5\libgcc.a(_divdf3.o)
                0x4003466c                __divdf3
 .text          0x4003495c       0xbc c:/users/15977/appdata/local/arduino15/packages/intel/tools/arc-elf32/1.6.9+1.0.1/bin/../lib/gcc/arc-elf32/4.8.5\libgcc.a(_truncdfsf2.o)
                0x4003495c                __truncdfsf2
 .text          0x40034a18       0x28 c:/users/15977/appdata/local/arduino15/packages/intel/tools/arc-elf32/1.6.9+1.0.1/bin/../lib/gcc/arc-elf32/4.8.5\libgcc.a(_floatunsidf.o)
                0x40034a18                __floatunsidf
 *(.text.*)
 .text._main    0x40034a40       0x74 C:\Users\15977\AppData\Local\arduino15\packages\Intel\hardware\arc32\2.0.2\variants\arduino_101\libarc32drv_arduino101.a(c_init.o)
                0x40034a40                _main
 .text.interrupt_connect
                0x40034ab4       0x20 C:\Users\15977\AppData\Local\arduino15\packages\Intel\hardware\arc32\2.0.2\variants\arduino_101\libarc32drv_arduino101.a(interrupt.o)
                0x40034ab4                interrupt_connect
 .text.interrupt_enable
                0x40034ad4       0x28 C:\Users\15977\AppData\Local\arduino15\packages\Intel\hardware\arc32\2.0.2\variants\arduino_101\libarc32drv_arduino101.a(interrupt.o)
                0x40034ad4                interrupt_enable
 .text.interrupt_priority_set
                0x40034afc       0x20 C:\Users\15977\AppData\Local\arduino15\packages\Intel\hardware\arc32\2.0.2\variants\arduino_101\libarc32drv_arduino101.a(interrupt.o)
                0x40034afc                interrupt_priority_set
 .text.interrupt_unit_device_init
                0x40034b1c       0x50 C:\Users\15977\AppData\Local\arduino15\packages\Intel\hardware\arc32\2.0.2\variants\arduino_101\libarc32drv_arduino101.a(interrupt.o)
                0x40034b1c                interrupt_unit_device_init
 .text._arcv2_timer0_int_handler
                0x40034b6c       0x20 C:\Users\15977\AppData\Local\arduino15\packages\Intel\hardware\arc32\2.0.2\variants\arduino_101\libarc32drv_arduino101.a(arcv2_timer0.o)
                0x40034b6c                _arcv2_timer0_int_handler
 .text.timer0_driver_init
                0x40034b8c       0x40 C:\Users\15977\AppData\Local\arduino15\packages\Intel\hardware\arc32\2.0.2\variants\arduino_101\libarc32drv_arduino101.a(arcv2_timer0.o)
                0x40034b8c                timer0_driver_init
 .text.atomic_inc
                0x40034bcc       0x14 C:\Users\15977\AppData\Local\arduino15\packages\Intel\hardware\arc32\2.0.2\variants\arduino_101\libarc32drv_arduino101.a(atomic_native.o)
                0x40034bcc                atomic_inc
 .text.atomic_dec
                0x40034be0       0x14 C:\Users\15977\AppData\Local\arduino15\packages\Intel\hardware\arc32\2.0.2\variants\arduino_101\libarc32drv_arduino101.a(atomic_native.o)
                0x40034be0                atomic_dec
 .text.atomic_get
                0x40034bf4        0x4 C:\Users\15977\AppData\Local\arduino15\packages\Intel\hardware\arc32\2.0.2\variants\arduino_101\libarc32drv_arduino101.a(atomic_native.o)
                0x40034bf4                atomic_get
 .text.atomic_set
                0x40034bf8       0x10 C:\Users\15977\AppData\Local\arduino15\packages\Intel\hardware\arc32\2.0.2\variants\arduino_101\libarc32drv_arduino101.a(atomic_native.o)
                0x40034bf8                atomic_set
 .text.atomic_or
                0x40034c08       0x14 C:\Users\15977\AppData\Local\arduino15\packages\Intel\hardware\arc32\2.0.2\variants\arduino_101\libarc32drv_arduino101.a(atomic_native.o)
                0x40034c08                atomic_or
 .text.atomic_and
                0x40034c1c       0x14 C:\Users\15977\AppData\Local\arduino15\packages\Intel\hardware\arc32\2.0.2\variants\arduino_101\libarc32drv_arduino101.a(atomic_native.o)
                0x40034c1c                atomic_and
 .text.ipc_uart_isr
                0x40034c30      0x220 C:\Users\15977\AppData\Local\arduino15\packages\Intel\hardware\arc32\2.0.2\variants\arduino_101\libarc32drv_arduino101.a(ipc_uart_ns16550.o)
                0x40034c30                ipc_uart_isr
 .text.ipc_uart_close_channel
                0x40034e50       0x34 C:\Users\15977\AppData\Local\arduino15\packages\Intel\hardware\arc32\2.0.2\variants\arduino_101\libarc32drv_arduino101.a(ipc_uart_ns16550.o)
                0x40034e50                ipc_uart_close_channel
 .text.ipc_uart_init
                0x40034e84       0x78 C:\Users\15977\AppData\Local\arduino15\packages\Intel\hardware\arc32\2.0.2\variants\arduino_101\libarc32drv_arduino101.a(ipc_uart_ns16550.o)
                0x40034e84                ipc_uart_init
 .text.ipc_uart_channel_open
                0x40034efc       0x8c C:\Users\15977\AppData\Local\arduino15\packages\Intel\hardware\arc32\2.0.2\variants\arduino_101\libarc32drv_arduino101.a(ipc_uart_ns16550.o)
                0x40034efc                ipc_uart_channel_open
 .text.ipc_uart_ns16550_send_pdu
                0x40034f88       0x48 C:\Users\15977\AppData\Local\arduino15\packages\Intel\hardware\arc32\2.0.2\variants\arduino_101\libarc32drv_arduino101.a(ipc_uart_ns16550.o)
                0x40034f88                ipc_uart_ns16550_send_pdu
 .text.ipc_uart_ns16550_set_tx_cb
                0x40034fd0       0x18 C:\Users\15977\AppData\Local\arduino15\packages\Intel\hardware\arc32\2.0.2\variants\arduino_101\libarc32drv_arduino101.a(ipc_uart_ns16550.o)
                0x40034fd0                ipc_uart_ns16550_set_tx_cb
 .text.uart_init
                0x40034fe8       0x9c C:\Users\15977\AppData\Local\arduino15\packages\Intel\hardware\arc32\2.0.2\variants\arduino_101\libarc32drv_arduino101.a(ns16550.o)
                0x40034fe8                uart_init
 .text.uart_poll_in
                0x40035084       0x28 C:\Users\15977\AppData\Local\arduino15\packages\Intel\hardware\arc32\2.0.2\variants\arduino_101\libarc32drv_arduino101.a(ns16550.o)
                0x40035084                uart_poll_in
 .text.uart_poll_out
                0x400350ac       0x28 C:\Users\15977\AppData\Local\arduino15\packages\Intel\hardware\arc32\2.0.2\variants\arduino_101\libarc32drv_arduino101.a(ns16550.o)
                0x400350ac                uart_poll_out
 .text.uart_fifo_fill
                0x400350d4       0x4c C:\Users\15977\AppData\Local\arduino15\packages\Intel\hardware\arc32\2.0.2\variants\arduino_101\libarc32drv_arduino101.a(ns16550.o)
                0x400350d4                uart_fifo_fill
 .text.uart_fifo_read
                0x40035120       0x4c C:\Users\15977\AppData\Local\arduino15\packages\Intel\hardware\arc32\2.0.2\variants\arduino_101\libarc32drv_arduino101.a(ns16550.o)
                0x40035120                uart_fifo_read
 .text.uart_irq_tx_enable
                0x4003516c       0x20 C:\Users\15977\AppData\Local\arduino15\packages\Intel\hardware\arc32\2.0.2\variants\arduino_101\libarc32drv_arduino101.a(ns16550.o)
                0x4003516c                uart_irq_tx_enable
 .text.uart_irq_tx_disable
                0x4003518c       0x20 C:\Users\15977\AppData\Local\arduino15\packages\Intel\hardware\arc32\2.0.2\variants\arduino_101\libarc32drv_arduino101.a(ns16550.o)
                0x4003518c                uart_irq_tx_disable
 .text.uart_irq_tx_ready
                0x400351ac       0x20 C:\Users\15977\AppData\Local\arduino15\packages\Intel\hardware\arc32\2.0.2\variants\arduino_101\libarc32drv_arduino101.a(ns16550.o)
                0x400351ac                uart_irq_tx_ready
 .text.uart_irq_rx_enable
                0x400351cc       0x20 C:\Users\15977\AppData\Local\arduino15\packages\Intel\hardware\arc32\2.0.2\variants\arduino_101\libarc32drv_arduino101.a(ns16550.o)
                0x400351cc                uart_irq_rx_enable
 .text.uart_irq_rx_disable
                0x400351ec       0x20 C:\Users\15977\AppData\Local\arduino15\packages\Intel\hardware\arc32\2.0.2\variants\arduino_101\libarc32drv_arduino101.a(ns16550.o)
                0x400351ec                uart_irq_rx_disable
 .text.uart_irq_rx_ready
                0x4003520c       0x20 C:\Users\15977\AppData\Local\arduino15\packages\Intel\hardware\arc32\2.0.2\variants\arduino_101\libarc32drv_arduino101.a(ns16550.o)
                0x4003520c                uart_irq_rx_ready
 .text.uart_irq_err_detected
                0x4003522c       0x20 C:\Users\15977\AppData\Local\arduino15\packages\Intel\hardware\arc32\2.0.2\variants\arduino_101\libarc32drv_arduino101.a(ns16550.o)
                0x4003522c                uart_irq_err_detected
 .text.uart_line_status
                0x4003524c       0x1c C:\Users\15977\AppData\Local\arduino15\packages\Intel\hardware\arc32\2.0.2\variants\arduino_101\libarc32drv_arduino101.a(ns16550.o)
                0x4003524c                uart_line_status
 .text.uart_break_check
                0x40035268       0x1c C:\Users\15977\AppData\Local\arduino15\packages\Intel\hardware\arc32\2.0.2\variants\arduino_101\libarc32drv_arduino101.a(ns16550.o)
                0x40035268                uart_break_check
 .text.uart_irq_is_pending
                0x40035284       0x20 C:\Users\15977\AppData\Local\arduino15\packages\Intel\hardware\arc32\2.0.2\variants\arduino_101\libarc32drv_arduino101.a(ns16550.o)
                0x40035284                uart_irq_is_pending
 .text.uart_irq_update
                0x400352a4       0x20 C:\Users\15977\AppData\Local\arduino15\packages\Intel\hardware\arc32\2.0.2\variants\arduino_101\libarc32drv_arduino101.a(ns16550.o)
                0x400352a4                uart_irq_update
 .text.uart_int_connect
                0x400352c4       0x54 C:\Users\15977\AppData\Local\arduino15\packages\Intel\hardware\arc32\2.0.2\variants\arduino_101\libarc32drv_arduino101.a(ns16550.o)
                0x400352c4                uart_int_connect
 .text.uart_tx_complete
                0x40035318       0x1c C:\Users\15977\AppData\Local\arduino15\packages\Intel\hardware\arc32\2.0.2\variants\arduino_101\libarc32drv_arduino101.a(ns16550.o)
                0x40035318                uart_tx_complete
 .text.uart_loop_enable
                0x40035334       0x20 C:\Users\15977\AppData\Local\arduino15\packages\Intel\hardware\arc32\2.0.2\variants\arduino_101\libarc32drv_arduino101.a(ns16550.o)
                0x40035334                uart_loop_enable
 .text.soc_gpio_ISR_proc
                0x40035354       0x60 C:\Users\15977\AppData\Local\arduino15\packages\Intel\hardware\arc32\2.0.2\variants\arduino_101\libarc32drv_arduino101.a(soc_gpio.o)
 .text.gpio_isr
                0x400353b4       0x10 C:\Users\15977\AppData\Local\arduino15\packages\Intel\hardware\arc32\2.0.2\variants\arduino_101\libarc32drv_arduino101.a(soc_gpio.o)
                0x400353b4                gpio_isr
 .text.gpio_aon_isr
                0x400353c4       0x10 C:\Users\15977\AppData\Local\arduino15\packages\Intel\hardware\arc32\2.0.2\variants\arduino_101\libarc32drv_arduino101.a(soc_gpio.o)
                0x400353c4                gpio_aon_isr
 .text.soc_gpio_deconfig
                0x400353d4       0x6c C:\Users\15977\AppData\Local\arduino15\packages\Intel\hardware\arc32\2.0.2\variants\arduino_101\libarc32drv_arduino101.a(soc_gpio.o)
                0x400353d4                soc_gpio_deconfig
 .text.soc_gpio_enable
                0x40035440       0x88 C:\Users\15977\AppData\Local\arduino15\packages\Intel\hardware\arc32\2.0.2\variants\arduino_101\libarc32drv_arduino101.a(soc_gpio.o)
                0x40035440                soc_gpio_enable
 .text.soc_gpio_set_config
                0x400354c8      0x134 C:\Users\15977\AppData\Local\arduino15\packages\Intel\hardware\arc32\2.0.2\variants\arduino_101\libarc32drv_arduino101.a(soc_gpio.o)
                0x400354c8                soc_gpio_set_config
 .text.soc_gpio_write
                0x400355fc       0x58 C:\Users\15977\AppData\Local\arduino15\packages\Intel\hardware\arc32\2.0.2\variants\arduino_101\libarc32drv_arduino101.a(soc_gpio.o)
                0x400355fc                soc_gpio_write
 .text.ss_gpio_ISR_proc
                0x40035654       0x74 C:\Users\15977\AppData\Local\arduino15\packages\Intel\hardware\arc32\2.0.2\variants\arduino_101\libarc32drv_arduino101.a(ss_gpio_iface.o)
 .text.ss_gpio_8b1_ISR
                0x400356c8       0x10 C:\Users\15977\AppData\Local\arduino15\packages\Intel\hardware\arc32\2.0.2\variants\arduino_101\libarc32drv_arduino101.a(ss_gpio_iface.o)
 .text.ss_gpio_8b0_ISR
                0x400356d8       0x10 C:\Users\15977\AppData\Local\arduino15\packages\Intel\hardware\arc32\2.0.2\variants\arduino_101\libarc32drv_arduino101.a(ss_gpio_iface.o)
 .text.ss_gpio_deconfig
                0x400356e8       0x74 C:\Users\15977\AppData\Local\arduino15\packages\Intel\hardware\arc32\2.0.2\variants\arduino_101\libarc32drv_arduino101.a(ss_gpio_iface.o)
                0x400356e8                ss_gpio_deconfig
 .text.ss_gpio_enable
                0x4003575c       0x9c C:\Users\15977\AppData\Local\arduino15\packages\Intel\hardware\arc32\2.0.2\variants\arduino_101\libarc32drv_arduino101.a(ss_gpio_iface.o)
                0x4003575c                ss_gpio_enable
 .text.ss_gpio_set_config
                0x400357f8      0x19c C:\Users\15977\AppData\Local\arduino15\packages\Intel\hardware\arc32\2.0.2\variants\arduino_101\libarc32drv_arduino101.a(ss_gpio_iface.o)
                0x400357f8                ss_gpio_set_config
 .text.rpc_deserialize
                0x40035994      0x1b8 C:\Users\15977\AppData\Local\arduino15\packages\Intel\hardware\arc32\2.0.2\variants\arduino_101\libarc32drv_arduino101.a(rpc_deserialize.o)
                0x40035994                rpc_deserialize
 .text.encoded_buflen
                0x40035b4c       0x24 C:\Users\15977\AppData\Local\arduino15\packages\Intel\hardware\arc32\2.0.2\variants\arduino_101\libarc32drv_arduino101.a(rpc_serialize.o)
 .text.serialize_struct
                0x40035b70       0x28 C:\Users\15977\AppData\Local\arduino15\packages\Intel\hardware\arc32\2.0.2\variants\arduino_101\libarc32drv_arduino101.a(rpc_serialize.o)
 .text.serialize_buf
                0x40035b98       0x54 C:\Users\15977\AppData\Local\arduino15\packages\Intel\hardware\arc32\2.0.2\variants\arduino_101\libarc32drv_arduino101.a(rpc_serialize.o)
 .text.rpc_serialize_none
                0x40035bec       0x2c C:\Users\15977\AppData\Local\arduino15\packages\Intel\hardware\arc32\2.0.2\variants\arduino_101\libarc32drv_arduino101.a(rpc_serialize.o)
                0x40035bec                rpc_serialize_none
 .text.nble_gap_start_adv_req
                0x40035c18       0x10 C:\Users\15977\AppData\Local\arduino15\packages\Intel\hardware\arc32\2.0.2\variants\arduino_101\libarc32drv_arduino101.a(rpc_serialize.o)
                0x40035c18                nble_gap_start_adv_req
 .text.rpc_serialize_s
                0x40035c28       0x54 C:\Users\15977\AppData\Local\arduino15\packages\Intel\hardware\arc32\2.0.2\variants\arduino_101\libarc32drv_arduino101.a(rpc_serialize.o)
                0x40035c28                rpc_serialize_s
 .text.nble_gap_sm_config_req
                0x40035c7c       0x14 C:\Users\15977\AppData\Local\arduino15\packages\Intel\hardware\arc32\2.0.2\variants\arduino_101\libarc32drv_arduino101.a(rpc_serialize.o)
                0x40035c7c                nble_gap_sm_config_req
 .text.nble_set_bda_req
                0x40035c90       0x14 C:\Users\15977\AppData\Local\arduino15\packages\Intel\hardware\arc32\2.0.2\variants\arduino_101\libarc32drv_arduino101.a(rpc_serialize.o)
                0x40035c90                nble_set_bda_req
 .text.nble_gattc_discover_req
                0x40035ca4       0x14 C:\Users\15977\AppData\Local\arduino15\packages\Intel\hardware\arc32\2.0.2\variants\arduino_101\libarc32drv_arduino101.a(rpc_serialize.o)
                0x40035ca4                nble_gattc_discover_req
 .text.nble_gatts_wr_reply_req
                0x40035cb8       0x14 C:\Users\15977\AppData\Local\arduino15\packages\Intel\hardware\arc32\2.0.2\variants\arduino_101\libarc32drv_arduino101.a(rpc_serialize.o)
                0x40035cb8                nble_gatts_wr_reply_req
 .text.nble_gattc_read_req
                0x40035ccc       0x14 C:\Users\15977\AppData\Local\arduino15\packages\Intel\hardware\arc32\2.0.2\variants\arduino_101\libarc32drv_arduino101.a(rpc_serialize.o)
                0x40035ccc                nble_gattc_read_req
 .text.rpc_serialize_p
                0x40035ce0       0x44 C:\Users\15977\AppData\Local\arduino15\packages\Intel\hardware\arc32\2.0.2\variants\arduino_101\libarc32drv_arduino101.a(rpc_serialize.o)
                0x40035ce0                rpc_serialize_p
 .text.nble_gap_read_bda_req
                0x40035d24       0x14 C:\Users\15977\AppData\Local\arduino15\packages\Intel\hardware\arc32\2.0.2\variants\arduino_101\libarc32drv_arduino101.a(rpc_serialize.o)
                0x40035d24                nble_gap_read_bda_req
 .text.nble_gap_stop_adv_req
                0x40035d38       0x14 C:\Users\15977\AppData\Local\arduino15\packages\Intel\hardware\arc32\2.0.2\variants\arduino_101\libarc32drv_arduino101.a(rpc_serialize.o)
                0x40035d38                nble_gap_stop_adv_req
 .text.rpc_serialize_s_b
                0x40035d4c       0x68 C:\Users\15977\AppData\Local\arduino15\packages\Intel\hardware\arc32\2.0.2\variants\arduino_101\libarc32drv_arduino101.a(rpc_serialize.o)
                0x40035d4c                rpc_serialize_s_b
 .text.nble_gatts_rd_reply_req
                0x40035db4       0x1c C:\Users\15977\AppData\Local\arduino15\packages\Intel\hardware\arc32\2.0.2\variants\arduino_101\libarc32drv_arduino101.a(rpc_serialize.o)
                0x40035db4                nble_gatts_rd_reply_req
 .text.nble_gattc_write_req
                0x40035dd0       0x1c C:\Users\15977\AppData\Local\arduino15\packages\Intel\hardware\arc32\2.0.2\variants\arduino_101\libarc32drv_arduino101.a(rpc_serialize.o)
                0x40035dd0                nble_gattc_write_req
 .text.nble_gattc_read_multiple_req
                0x40035dec       0x1c C:\Users\15977\AppData\Local\arduino15\packages\Intel\hardware\arc32\2.0.2\variants\arduino_101\libarc32drv_arduino101.a(rpc_serialize.o)
                0x40035dec                nble_gattc_read_multiple_req
 .text.free_message_ipc
                0x40035e08       0x18 C:\Users\15977\AppData\Local\arduino15\packages\Intel\hardware\arc32\2.0.2\variants\arduino_101\libarc32drv_arduino101.a(cfw_platform.o)
 .text.send_message_ipc
                0x40035e20       0x18 C:\Users\15977\AppData\Local\arduino15\packages\Intel\hardware\arc32\2.0.2\variants\arduino_101\libarc32drv_arduino101.a(cfw_platform.o)
 .text.ipc_mbx_isr
                0x40035e38       0x30 C:\Users\15977\AppData\Local\arduino15\packages\Intel\hardware\arc32\2.0.2\variants\arduino_101\libarc32drv_arduino101.a(cfw_platform.o)
 .text.cfw_platform_init
                0x40035e68       0xa0 C:\Users\15977\AppData\Local\arduino15\packages\Intel\hardware\arc32\2.0.2\variants\arduino_101\libarc32drv_arduino101.a(cfw_platform.o)
                0x40035e68                cfw_platform_init
 .text.notify_connected
                0x40035f08       0x34 C:\Users\15977\AppData\Local\arduino15\packages\Intel\hardware\arc32\2.0.2\variants\arduino_101\libarc32drv_arduino101.a(conn.o)
 .text.notify_le_param_updated
                0x40035f3c       0x3c C:\Users\15977\AppData\Local\arduino15\packages\Intel\hardware\arc32\2.0.2\variants\arduino_101\libarc32drv_arduino101.a(conn.o)
                0x40035f3c                notify_le_param_updated
 .text.bt_conn_add_le
                0x40035f78       0x74 C:\Users\15977\AppData\Local\arduino15\packages\Intel\hardware\arc32\2.0.2\variants\arduino_101\libarc32drv_arduino101.a(conn.o)
                0x40035f78                bt_conn_add_le
 .text.bt_conn_set_state
                0x40035fec       0xbc C:\Users\15977\AppData\Local\arduino15\packages\Intel\hardware\arc32\2.0.2\variants\arduino_101\libarc32drv_arduino101.a(conn.o)
                0x40035fec                bt_conn_set_state
 .text.bt_conn_lookup_handle
                0x400360a8       0x60 C:\Users\15977\AppData\Local\arduino15\packages\Intel\hardware\arc32\2.0.2\variants\arduino_101\libarc32drv_arduino101.a(conn.o)
                0x400360a8                bt_conn_lookup_handle
 .text.bt_conn_lookup_addr_le
                0x40036108       0x5c C:\Users\15977\AppData\Local\arduino15\packages\Intel\hardware\arc32\2.0.2\variants\arduino_101\libarc32drv_arduino101.a(conn.o)
                0x40036108                bt_conn_lookup_addr_le
 .text.bt_conn_lookup_state_le
                0x40036164       0x84 C:\Users\15977\AppData\Local\arduino15\packages\Intel\hardware\arc32\2.0.2\variants\arduino_101\libarc32drv_arduino101.a(conn.o)
                0x40036164                bt_conn_lookup_state_le
 .text.bt_conn_unref
                0x400361e8       0x10 C:\Users\15977\AppData\Local\arduino15\packages\Intel\hardware\arc32\2.0.2\variants\arduino_101\libarc32drv_arduino101.a(conn.o)
                0x400361e8                bt_conn_unref
 .text.on_nble_gap_cancel_connect_rsp
                0x400361f8       0x18 C:\Users\15977\AppData\Local\arduino15\packages\Intel\hardware\arc32\2.0.2\variants\arduino_101\libarc32drv_arduino101.a(conn.o)
                0x400361f8                on_nble_gap_cancel_connect_rsp
 .text.on_nble_gap_connect_rsp
                0x40036210       0x24 C:\Users\15977\AppData\Local\arduino15\packages\Intel\hardware\arc32\2.0.2\variants\arduino_101\libarc32drv_arduino101.a(conn.o)
                0x40036210                on_nble_gap_connect_rsp
 .text.bt_conn_init
                0x40036234       0x10 C:\Users\15977\AppData\Local\arduino15\packages\Intel\hardware\arc32\2.0.2\variants\arduino_101\libarc32drv_arduino101.a(conn.o)
                0x40036234                bt_conn_init
 .text.on_nble_gap_dtm_init_rsp
                0x40036244        0xc C:\Users\15977\AppData\Local\arduino15\packages\Intel\hardware\arc32\2.0.2\variants\arduino_101\libarc32drv_arduino101.a(dtm_tcmd.o)
                0x40036244                on_nble_gap_dtm_init_rsp
 .text.bt_init  0x40036250       0x40 C:\Users\15977\AppData\Local\arduino15\packages\Intel\hardware\arc32\2.0.2\variants\arduino_101\libarc32drv_arduino101.a(gap.o)
 .text.set_advertise_disable
                0x40036290       0x34 C:\Users\15977\AppData\Local\arduino15\packages\Intel\hardware\arc32\2.0.2\variants\arduino_101\libarc32drv_arduino101.a(gap.o)
 .text.set_advertise_enable
                0x400362c4       0x24 C:\Users\15977\AppData\Local\arduino15\packages\Intel\hardware\arc32\2.0.2\variants\arduino_101\libarc32drv_arduino101.a(gap.o)
 .text.on_nble_gap_start_advertise_rsp
                0x400362e8       0x28 C:\Users\15977\AppData\Local\arduino15\packages\Intel\hardware\arc32\2.0.2\variants\arduino_101\libarc32drv_arduino101.a(gap.o)
                0x400362e8                on_nble_gap_start_advertise_rsp
 .text.on_nble_gap_disconnect_evt
                0x40036310       0x78 C:\Users\15977\AppData\Local\arduino15\packages\Intel\hardware\arc32\2.0.2\variants\arduino_101\libarc32drv_arduino101.a(gap.o)
                0x40036310                on_nble_gap_disconnect_evt
 .text.on_nble_gap_connect_evt
                0x40036388       0xa4 C:\Users\15977\AppData\Local\arduino15\packages\Intel\hardware\arc32\2.0.2\variants\arduino_101\libarc32drv_arduino101.a(gap.o)
                0x40036388                on_nble_gap_connect_evt
 .text.on_nble_gap_adv_report_evt
                0x4003642c       0x68 C:\Users\15977\AppData\Local\arduino15\packages\Intel\hardware\arc32\2.0.2\variants\arduino_101\libarc32drv_arduino101.a(gap.o)
                0x4003642c                on_nble_gap_adv_report_evt
 .text.on_nble_gap_conn_update_evt
                0x40036494       0x54 C:\Users\15977\AppData\Local\arduino15\packages\Intel\hardware\arc32\2.0.2\variants\arduino_101\libarc32drv_arduino101.a(gap.o)
                0x40036494                on_nble_gap_conn_update_evt
 .text.on_nble_gap_scan_start_stop_rsp
                0x400364e8       0x20 C:\Users\15977\AppData\Local\arduino15\packages\Intel\hardware\arc32\2.0.2\variants\arduino_101\libarc32drv_arduino101.a(gap.o)
                0x400364e8                on_nble_gap_scan_start_stop_rsp
 .text.on_nble_up
                0x40036508       0x48 C:\Users\15977\AppData\Local\arduino15\packages\Intel\hardware\arc32\2.0.2\variants\arduino_101\libarc32drv_arduino101.a(gap.o)
                0x40036508                on_nble_up
 .text.bt_enable
                0x40036550       0x3c C:\Users\15977\AppData\Local\arduino15\packages\Intel\hardware\arc32\2.0.2\variants\arduino_101\libarc32drv_arduino101.a(gap.o)
                0x40036550                bt_enable
 .text.on_nble_gap_dir_adv_timeout_evt
                0x4003658c       0x5c C:\Users\15977\AppData\Local\arduino15\packages\Intel\hardware\arc32\2.0.2\variants\arduino_101\libarc32drv_arduino101.a(gap.o)
                0x4003658c                on_nble_gap_dir_adv_timeout_evt
 .text.bt_le_adv_stop
                0x400365e8       0x38 C:\Users\15977\AppData\Local\arduino15\packages\Intel\hardware\arc32\2.0.2\variants\arduino_101\libarc32drv_arduino101.a(gap.o)
                0x400365e8                bt_le_adv_stop
 .text.on_nble_uas_bucket_change
                0x40036620        0xc C:\Users\15977\AppData\Local\arduino15\packages\Intel\hardware\arc32\2.0.2\variants\arduino_101\libarc32drv_arduino101.a(gap.o)
                0x40036620                on_nble_uas_bucket_change
 .text.on_nble_gap_set_rssi_report_rsp
                0x4003662c       0x18 C:\Users\15977\AppData\Local\arduino15\packages\Intel\hardware\arc32\2.0.2\variants\arduino_101\libarc32drv_arduino101.a(gap.o)
                0x4003662c                on_nble_gap_set_rssi_report_rsp
 .text.on_nble_gap_rssi_evt
                0x40036644       0x20 C:\Users\15977\AppData\Local\arduino15\packages\Intel\hardware\arc32\2.0.2\variants\arduino_101\libarc32drv_arduino101.a(gap.o)
                0x40036644                on_nble_gap_rssi_evt
 .text.on_nble_gap_tx_power_rsp
                0x40036664        0xc C:\Users\15977\AppData\Local\arduino15\packages\Intel\hardware\arc32\2.0.2\variants\arduino_101\libarc32drv_arduino101.a(gap.o)
                0x40036664                on_nble_gap_tx_power_rsp
 .text.on_nble_get_version_rsp
                0x40036670       0x18 C:\Users\15977\AppData\Local\arduino15\packages\Intel\hardware\arc32\2.0.2\variants\arduino_101\libarc32drv_arduino101.a(gap.o)
                0x40036670                on_nble_get_version_rsp
 .text.flush_all
                0x40036688       0x3c C:\Users\15977\AppData\Local\arduino15\packages\Intel\hardware\arc32\2.0.2\variants\arduino_101\libarc32drv_arduino101.a(gatt.o)
 .text.att_write_ccc_rsp
                0x400366c4       0x44 C:\Users\15977\AppData\Local\arduino15\packages\Intel\hardware\arc32\2.0.2\variants\arduino_101\libarc32drv_arduino101.a(gatt.o)
 .text.gatt_ccc_changed
                0x40036708       0x80 C:\Users\15977\AppData\Local\arduino15\packages\Intel\hardware\arc32\2.0.2\variants\arduino_101\libarc32drv_arduino101.a(gatt.o)
 .text.disconnected_cb
                0x40036788       0x94 C:\Users\15977\AppData\Local\arduino15\packages\Intel\hardware\arc32\2.0.2\variants\arduino_101\libarc32drv_arduino101.a(gatt.o)
 .text.connected_cb
                0x4003681c       0x60 C:\Users\15977\AppData\Local\arduino15\packages\Intel\hardware\arc32\2.0.2\variants\arduino_101\libarc32drv_arduino101.a(gatt.o)
 .text.bt_gatt_attr_write_ccc
                0x4003687c       0xd8 C:\Users\15977\AppData\Local\arduino15\packages\Intel\hardware\arc32\2.0.2\variants\arduino_101\libarc32drv_arduino101.a(gatt.o)
                0x4003687c                bt_gatt_attr_write_ccc
 .text.gatt_write_ccc
                0x40036954       0x64 C:\Users\15977\AppData\Local\arduino15\packages\Intel\hardware\arc32\2.0.2\variants\arduino_101\libarc32drv_arduino101.a(gatt.o)
 .text.on_nble_gatt_register_rsp
                0x400369b8       0x90 C:\Users\15977\AppData\Local\arduino15\packages\Intel\hardware\arc32\2.0.2\variants\arduino_101\libarc32drv_arduino101.a(gatt.o)
                0x400369b8                on_nble_gatt_register_rsp
 .text.bt_gatt_attr_read
                0x40036a48       0x5c C:\Users\15977\AppData\Local\arduino15\packages\Intel\hardware\arc32\2.0.2\variants\arduino_101\libarc32drv_arduino101.a(gatt.o)
                0x40036a48                bt_gatt_attr_read
 .text.bt_gatt_attr_read_service
                0x40036aa4       0x68 C:\Users\15977\AppData\Local\arduino15\packages\Intel\hardware\arc32\2.0.2\variants\arduino_101\libarc32drv_arduino101.a(gatt.o)
                0x40036aa4                bt_gatt_attr_read_service
 .text.bt_gatt_attr_read_included
                0x40036b0c       0x74 C:\Users\15977\AppData\Local\arduino15\packages\Intel\hardware\arc32\2.0.2\variants\arduino_101\libarc32drv_arduino101.a(gatt.o)
                0x40036b0c                bt_gatt_attr_read_included
 .text.bt_gatt_attr_read_chrc
                0x40036b80       0x74 C:\Users\15977\AppData\Local\arduino15\packages\Intel\hardware\arc32\2.0.2\variants\arduino_101\libarc32drv_arduino101.a(gatt.o)
                0x40036b80                bt_gatt_attr_read_chrc
 .text.bt_gatt_attr_next
                0x40036bf4       0x68 C:\Users\15977\AppData\Local\arduino15\packages\Intel\hardware\arc32\2.0.2\variants\arduino_101\libarc32drv_arduino101.a(gatt.o)
                0x40036bf4                bt_gatt_attr_next
 .text.bt_gatt_foreach_attr
                0x40036c5c       0x4c C:\Users\15977\AppData\Local\arduino15\packages\Intel\hardware\arc32\2.0.2\variants\arduino_101\libarc32drv_arduino101.a(gatt.o)
                0x40036c5c                bt_gatt_foreach_attr
 .text.on_nble_gatts_send_notif_rsp
                0x40036ca8       0x48 C:\Users\15977\AppData\Local\arduino15\packages\Intel\hardware\arc32\2.0.2\variants\arduino_101\libarc32drv_arduino101.a(gatt.o)
                0x40036ca8                on_nble_gatts_send_notif_rsp
 .text.on_nble_gatts_send_ind_rsp
                0x40036cf0       0x48 C:\Users\15977\AppData\Local\arduino15\packages\Intel\hardware\arc32\2.0.2\variants\arduino_101\libarc32drv_arduino101.a(gatt.o)
                0x40036cf0                on_nble_gatts_send_ind_rsp
 .text.on_nble_gatts_write_evt
                0x40036d38       0x98 C:\Users\15977\AppData\Local\arduino15\packages\Intel\hardware\arc32\2.0.2\variants\arduino_101\libarc32drv_arduino101.a(gatt.o)
                0x40036d38                on_nble_gatts_write_evt
 .text.on_nble_gatts_write_exec_evt
                0x40036dd0       0x78 C:\Users\15977\AppData\Local\arduino15\packages\Intel\hardware\arc32\2.0.2\variants\arduino_101\libarc32drv_arduino101.a(gatt.o)
                0x40036dd0                on_nble_gatts_write_exec_evt
 .text.on_nble_gatts_read_evt
                0x40036e48       0x98 C:\Users\15977\AppData\Local\arduino15\packages\Intel\hardware\arc32\2.0.2\variants\arduino_101\libarc32drv_arduino101.a(gatt.o)
                0x40036e48                on_nble_gatts_read_evt
 .text.bt_gatt_discover
                0x40036ee0       0xc8 C:\Users\15977\AppData\Local\arduino15\packages\Intel\hardware\arc32\2.0.2\variants\arduino_101\libarc32drv_arduino101.a(gatt.o)
                0x40036ee0                bt_gatt_discover
 .text.on_nble_gattc_discover_rsp
                0x40036fa8      0x258 C:\Users\15977\AppData\Local\arduino15\packages\Intel\hardware\arc32\2.0.2\variants\arduino_101\libarc32drv_arduino101.a(gatt.o)
                0x40036fa8                on_nble_gattc_discover_rsp
 .text.on_nble_gattc_read_multiple_rsp
                0x40037200       0x68 C:\Users\15977\AppData\Local\arduino15\packages\Intel\hardware\arc32\2.0.2\variants\arduino_101\libarc32drv_arduino101.a(gatt.o)
                0x40037200                on_nble_gattc_read_multiple_rsp
 .text.bt_gatt_read
                0x40037268       0x70 C:\Users\15977\AppData\Local\arduino15\packages\Intel\hardware\arc32\2.0.2\variants\arduino_101\libarc32drv_arduino101.a(gatt.o)
                0x40037268                bt_gatt_read
 .text.on_nble_gattc_read_rsp
                0x400372d8       0x80 C:\Users\15977\AppData\Local\arduino15\packages\Intel\hardware\arc32\2.0.2\variants\arduino_101\libarc32drv_arduino101.a(gatt.o)
                0x400372d8                on_nble_gattc_read_rsp
 .text.on_nble_gattc_write_rsp
                0x40037358       0x44 C:\Users\15977\AppData\Local\arduino15\packages\Intel\hardware\arc32\2.0.2\variants\arduino_101\libarc32drv_arduino101.a(gatt.o)
                0x40037358                on_nble_gattc_write_rsp
 .text.bt_gatt_unsubscribe
                0x4003739c       0xbc C:\Users\15977\AppData\Local\arduino15\packages\Intel\hardware\arc32\2.0.2\variants\arduino_101\libarc32drv_arduino101.a(gatt.o)
                0x4003739c                bt_gatt_unsubscribe
 .text.on_nble_gattc_value_evt
                0x40037458       0x78 C:\Users\15977\AppData\Local\arduino15\packages\Intel\hardware\arc32\2.0.2\variants\arduino_101\libarc32drv_arduino101.a(gatt.o)
                0x40037458                on_nble_gattc_value_evt
 .text.bt_gatt_connected
                0x400374d0       0x70 C:\Users\15977\AppData\Local\arduino15\packages\Intel\hardware\arc32\2.0.2\variants\arduino_101\libarc32drv_arduino101.a(gatt.o)
                0x400374d0                bt_gatt_connected
 .text.bt_gatt_disconnected
                0x40037540       0x78 C:\Users\15977\AppData\Local\arduino15\packages\Intel\hardware\arc32\2.0.2\variants\arduino_101\libarc32drv_arduino101.a(gatt.o)
                0x40037540                bt_gatt_disconnected
 .text.bt_l2cap_connected
                0x400375b8       0x18 C:\Users\15977\AppData\Local\arduino15\packages\Intel\hardware\arc32\2.0.2\variants\arduino_101\libarc32drv_arduino101.a(l2cap.o)
                0x400375b8                bt_l2cap_connected
 .text.bt_l2cap_disconnected
                0x400375d0       0x10 C:\Users\15977\AppData\Local\arduino15\packages\Intel\hardware\arc32\2.0.2\variants\arduino_101\libarc32drv_arduino101.a(l2cap.o)
                0x400375d0                bt_l2cap_disconnected
 .text.on_nble_gap_sm_bond_info_rsp
                0x400375e0        0xc C:\Users\15977\AppData\Local\arduino15\packages\Intel\hardware\arc32\2.0.2\variants\arduino_101\libarc32drv_arduino101.a(smp_null.o)
                0x400375e0                on_nble_gap_sm_bond_info_rsp
 .text.on_nble_gap_sm_passkey_req_evt
                0x400375ec        0xc C:\Users\15977\AppData\Local\arduino15\packages\Intel\hardware\arc32\2.0.2\variants\arduino_101\libarc32drv_arduino101.a(smp_null.o)
                0x400375ec                on_nble_gap_sm_passkey_req_evt
 .text.on_nble_gap_sm_passkey_display_evt
                0x400375f8        0xc C:\Users\15977\AppData\Local\arduino15\packages\Intel\hardware\arc32\2.0.2\variants\arduino_101\libarc32drv_arduino101.a(smp_null.o)
                0x400375f8                on_nble_gap_sm_passkey_display_evt
 .text.on_nble_gap_sm_status_evt
                0x40037604       0x1c C:\Users\15977\AppData\Local\arduino15\packages\Intel\hardware\arc32\2.0.2\variants\arduino_101\libarc32drv_arduino101.a(smp_null.o)
                0x40037604                on_nble_gap_sm_status_evt
 .text.bt_smp_init
                0x40037620       0x30 C:\Users\15977\AppData\Local\arduino15\packages\Intel\hardware\arc32\2.0.2\variants\arduino_101\libarc32drv_arduino101.a(smp_null.o)
                0x40037620                bt_smp_init
 .text.on_nble_gap_sm_config_rsp
                0x40037650       0x20 C:\Users\15977\AppData\Local\arduino15\packages\Intel\hardware\arc32\2.0.2\variants\arduino_101\libarc32drv_arduino101.a(smp_null.o)
                0x40037650                on_nble_gap_sm_config_rsp
 .text.on_nble_gap_sm_common_rsp
                0x40037670       0x20 C:\Users\15977\AppData\Local\arduino15\packages\Intel\hardware\arc32\2.0.2\variants\arduino_101\libarc32drv_arduino101.a(smp_null.o)
                0x40037670                on_nble_gap_sm_common_rsp
 .text.uuid_to_uuid128
                0x40037690       0x54 C:\Users\15977\AppData\Local\arduino15\packages\Intel\hardware\arc32\2.0.2\variants\arduino_101\libarc32drv_arduino101.a(uuid.o)
 .text.bt_uuid_cmp
                0x400376e4       0x64 C:\Users\15977\AppData\Local\arduino15\packages\Intel\hardware\arc32\2.0.2\variants\arduino_101\libarc32drv_arduino101.a(uuid.o)
                0x400376e4                bt_uuid_cmp
 .text.ble_client_disconnected
                0x40037748        0xc C:\Users\15977\AppData\Local\arduino15\packages\Intel\hardware\arc32\2.0.2\variants\arduino_101\libarc32drv_arduino101.a(ble_service.o)
 .text.ble_bt_rdy
                0x40037754       0x54 C:\Users\15977\AppData\Local\arduino15\packages\Intel\hardware\arc32\2.0.2\variants\arduino_101\libarc32drv_arduino101.a(ble_service.o)
                0x40037754                ble_bt_rdy
 .text.ble_set_bda_cb
                0x400377a8       0x58 C:\Users\15977\AppData\Local\arduino15\packages\Intel\hardware\arc32\2.0.2\variants\arduino_101\libarc32drv_arduino101.a(ble_service.o)
 .text.handle_msg_id_ble_rpc_callin
                0x40037800       0x30 C:\Users\15977\AppData\Local\arduino15\packages\Intel\hardware\arc32\2.0.2\variants\arduino_101\libarc32drv_arduino101.a(ble_service.o)
 .text.ble_client_connected
                0x40037830       0x28 C:\Users\15977\AppData\Local\arduino15\packages\Intel\hardware\arc32\2.0.2\variants\arduino_101\libarc32drv_arduino101.a(ble_service.o)
 .text.ble_service_message_handler
                0x40037858      0x10c C:\Users\15977\AppData\Local\arduino15\packages\Intel\hardware\arc32\2.0.2\variants\arduino_101\libarc32drv_arduino101.a(ble_service.o)
 .text.on_nble_gap_dbg_rsp
                0x40037964        0xc C:\Users\15977\AppData\Local\arduino15\packages\Intel\hardware\arc32\2.0.2\variants\arduino_101\libarc32drv_arduino101.a(ble_service.o)
                0x40037964                on_nble_gap_dbg_rsp
 .text.on_nble_gap_read_bda_rsp
                0x40037970       0x3c C:\Users\15977\AppData\Local\arduino15\packages\Intel\hardware\arc32\2.0.2\variants\arduino_101\libarc32drv_arduino101.a(ble_service.o)
                0x40037970                on_nble_gap_read_bda_rsp
 .text.on_nble_set_bda_rsp
                0x400379ac       0x1c C:\Users\15977\AppData\Local\arduino15\packages\Intel\hardware\arc32\2.0.2\variants\arduino_101\libarc32drv_arduino101.a(ble_service.o)
                0x400379ac                on_nble_set_bda_rsp
 .text.ble_cfw_service_init
                0x400379c8       0x58 C:\Users\15977\AppData\Local\arduino15\packages\Intel\hardware\arc32\2.0.2\variants\arduino_101\libarc32drv_arduino101.a(ble_service.o)
                0x400379c8                ble_cfw_service_init
 .text.nble_log
                0x40037a20       0x24 C:\Users\15977\AppData\Local\arduino15\packages\Intel\hardware\arc32\2.0.2\variants\arduino_101\libarc32drv_arduino101.a(ble_service.o)
                0x40037a20                nble_log
 .text.on_nble_common_rsp
                0x40037a44       0x20 C:\Users\15977\AppData\Local\arduino15\packages\Intel\hardware\arc32\2.0.2\variants\arduino_101\libarc32drv_arduino101.a(ble_service.o)
                0x40037a44                on_nble_common_rsp
 .text.uart_ipc_rpc_cback
                0x40037a64       0xc8 C:\Users\15977\AppData\Local\arduino15\packages\Intel\hardware\arc32\2.0.2\variants\arduino_101\libarc32drv_arduino101.a(nble_driver.o)
 .text.nble_wake_assert.isra.1
                0x40037b2c       0x3c C:\Users\15977\AppData\Local\arduino15\packages\Intel\hardware\arc32\2.0.2\variants\arduino_101\libarc32drv_arduino101.a(nble_driver.o)
 .text.nble_ipc_tx_wake_cb
                0x40037b68       0x10 C:\Users\15977\AppData\Local\arduino15\packages\Intel\hardware\arc32\2.0.2\variants\arduino_101\libarc32drv_arduino101.a(nble_driver.o)
 .text.on_nble_curie_log
                0x40037b78       0x40 C:\Users\15977\AppData\Local\arduino15\packages\Intel\hardware\arc32\2.0.2\variants\arduino_101\libarc32drv_arduino101.a(nble_driver.o)
                0x40037b78                on_nble_curie_log
 .text.rpc_alloc_cb
                0x40037bb8       0x44 C:\Users\15977\AppData\Local\arduino15\packages\Intel\hardware\arc32\2.0.2\variants\arduino_101\libarc32drv_arduino101.a(nble_driver.o)
                0x40037bb8                rpc_alloc_cb
 .text.rpc_transmit_cb
                0x40037bfc       0x5c C:\Users\15977\AppData\Local\arduino15\packages\Intel\hardware\arc32\2.0.2\variants\arduino_101\libarc32drv_arduino101.a(nble_driver.o)
                0x40037bfc                rpc_transmit_cb
 .text.nble_driver_init
                0x40037c58      0x110 C:\Users\15977\AppData\Local\arduino15\packages\Intel\hardware\arc32\2.0.2\variants\arduino_101\libarc32drv_arduino101.a(nble_driver.o)
                0x40037c58                nble_driver_init
 .text.nble_driver_configure
                0x40037d68       0x64 C:\Users\15977\AppData\Local\arduino15\packages\Intel\hardware\arc32\2.0.2\variants\arduino_101\libarc32drv_arduino101.a(nble_driver.o)
                0x40037d68                nble_driver_configure
 .text.on_nble_curie_init
                0x40037dcc       0x10 C:\Users\15977\AppData\Local\arduino15\packages\Intel\hardware\arc32\2.0.2\variants\arduino_101\libarc32drv_arduino101.a(nble_driver.o)
                0x40037dcc                on_nble_curie_init
 .text.cfw_alloc_message
                0x40037ddc       0x10 C:\Users\15977\AppData\Local\arduino15\packages\Intel\hardware\arc32\2.0.2\variants\arduino_101\libarc32drv_arduino101.a(client_api.o)
                0x40037ddc                cfw_alloc_message
 .text.cfw_register_service
                0x40037dec       0x48 C:\Users\15977\AppData\Local\arduino15\packages\Intel\hardware\arc32\2.0.2\variants\arduino_101\libarc32drv_arduino101.a(service_api.o)
                0x40037dec                cfw_register_service
 .text.cfw_alloc_rsp_msg
                0x40037e34       0x50 C:\Users\15977\AppData\Local\arduino15\packages\Intel\hardware\arc32\2.0.2\variants\arduino_101\libarc32drv_arduino101.a(service_api.o)
                0x40037e34                cfw_alloc_rsp_msg
 .text._cfw_send_message
                0x40037e84       0x10 C:\Users\15977\AppData\Local\arduino15\packages\Intel\hardware\arc32\2.0.2\variants\arduino_101\libarc32drv_arduino101.a(service_api.o)
                0x40037e84                _cfw_send_message
 .text.cfw_msg_free
                0x40037e94       0x10 C:\Users\15977\AppData\Local\arduino15\packages\Intel\hardware\arc32\2.0.2\variants\arduino_101\libarc32drv_arduino101.a(service_api.o)
                0x40037e94                cfw_msg_free
 .text.send_service_avail_evt
                0x40037ea4       0x7c C:\Users\15977\AppData\Local\arduino15\packages\Intel\hardware\arc32\2.0.2\variants\arduino_101\libarc32drv_arduino101.a(service_manager.o)
 .text.notify_service_avail_cb
                0x40037f20       0x38 C:\Users\15977\AppData\Local\arduino15\packages\Intel\hardware\arc32\2.0.2\variants\arduino_101\libarc32drv_arduino101.a(service_manager.o)
                0x40037f20                notify_service_avail_cb
 .text.add_service_avail_listener
                0x40037f58       0x64 C:\Users\15977\AppData\Local\arduino15\packages\Intel\hardware\arc32\2.0.2\variants\arduino_101\libarc32drv_arduino101.a(service_manager.o)
                0x40037f58                add_service_avail_listener
 .text.notify_service_avail
                0x40037fbc       0x2c C:\Users\15977\AppData\Local\arduino15\packages\Intel\hardware\arc32\2.0.2\variants\arduino_101\libarc32drv_arduino101.a(service_manager.o)
                0x40037fbc                notify_service_avail
 .text.get_event_registered_list
                0x40037fe8       0x28 C:\Users\15977\AppData\Local\arduino15\packages\Intel\hardware\arc32\2.0.2\variants\arduino_101\libarc32drv_arduino101.a(service_manager.o)
                0x40037fe8                get_event_registered_list
 .text._cfw_register_event
                0x40038010       0x5c C:\Users\15977\AppData\Local\arduino15\packages\Intel\hardware\arc32\2.0.2\variants\arduino_101\libarc32drv_arduino101.a(service_manager.o)
                0x40038010                _cfw_register_event
 .text._find_service
                0x4003806c       0x30 C:\Users\15977\AppData\Local\arduino15\packages\Intel\hardware\arc32\2.0.2\variants\arduino_101\libarc32drv_arduino101.a(service_manager.o)
                0x4003806c                _find_service
 .text.cfw_get_service
                0x4003809c       0x28 C:\Users\15977\AppData\Local\arduino15\packages\Intel\hardware\arc32\2.0.2\variants\arduino_101\libarc32drv_arduino101.a(service_manager.o)
                0x4003809c                cfw_get_service
 .text.internal_handle_message
                0x400380c4      0x230 C:\Users\15977\AppData\Local\arduino15\packages\Intel\hardware\arc32\2.0.2\variants\arduino_101\libarc32drv_arduino101.a(service_manager.o)
                0x400380c4                internal_handle_message
 .text.cfw_get_service_mgr_port_id
                0x400382f4       0x14 C:\Users\15977\AppData\Local\arduino15\packages\Intel\hardware\arc32\2.0.2\variants\arduino_101\libarc32drv_arduino101.a(service_manager.o)
                0x400382f4                cfw_get_service_mgr_port_id
 .text._cfw_init
                0x40038308       0x34 C:\Users\15977\AppData\Local\arduino15\packages\Intel\hardware\arc32\2.0.2\variants\arduino_101\libarc32drv_arduino101.a(service_manager.o)
                0x40038308                _cfw_init
 .text._add_service
                0x4003833c       0x4c C:\Users\15977\AppData\Local\arduino15\packages\Intel\hardware\arc32\2.0.2\variants\arduino_101\libarc32drv_arduino101.a(service_manager.o)
                0x4003833c                _add_service
 .text._cfw_register_service
                0x40038388       0x80 C:\Users\15977\AppData\Local\arduino15\packages\Intel\hardware\arc32\2.0.2\variants\arduino_101\libarc32drv_arduino101.a(service_manager.o)
                0x40038388                _cfw_register_service
 .text.handle_ipc_sync_request
                0x40038408       0x7c C:\Users\15977\AppData\Local\arduino15\packages\Intel\hardware\arc32\2.0.2\variants\arduino_101\libarc32drv_arduino101.a(service_manager.o)
                0x40038408                handle_ipc_sync_request
 .text.ipc_init
                0x40038484       0x48 C:\Users\15977\AppData\Local\arduino15\packages\Intel\hardware\arc32\2.0.2\variants\arduino_101\libarc32drv_arduino101.a(ipc.o)
                0x40038484                ipc_init
 .text.ipc_handle_message
                0x400384cc       0xc0 C:\Users\15977\AppData\Local\arduino15\packages\Intel\hardware\arc32\2.0.2\variants\arduino_101\libarc32drv_arduino101.a(ipc.o)
                0x400384cc                ipc_handle_message
 .text.ipc_request_sync_int
                0x4003858c      0x180 C:\Users\15977\AppData\Local\arduino15\packages\Intel\hardware\arc32\2.0.2\variants\arduino_101\libarc32drv_arduino101.a(ipc.o)
                0x4003858c                ipc_request_sync_int
 .text.ipc_sync_callback
                0x4003870c       0x54 C:\Users\15977\AppData\Local\arduino15\packages\Intel\hardware\arc32\2.0.2\variants\arduino_101\libarc32drv_arduino101.a(ipc_callback.o)
                0x4003870c                ipc_sync_callback
 .text.log_vprintk
                0x40038760       0x48 C:\Users\15977\AppData\Local\arduino15\packages\Intel\hardware\arc32\2.0.2\variants\arduino_101\libarc32drv_arduino101.a(log.o)
                0x40038760                log_vprintk
 .text.log_printk
                0x400387a8       0x38 C:\Users\15977\AppData\Local\arduino15\packages\Intel\hardware\arc32\2.0.2\variants\arduino_101\libarc32drv_arduino101.a(log.o)
                0x400387a8                log_printk
 .text.log_write_msg
                0x400387e0       0x1c C:\Users\15977\AppData\Local\arduino15\packages\Intel\hardware\arc32\2.0.2\variants\arduino_101\libarc32drv_arduino101.a(log_impl_printk.o)
                0x400387e0                log_write_msg
 .text.get_port
                0x400387fc       0x3c C:\Users\15977\AppData\Local\arduino15\packages\Intel\hardware\arc32\2.0.2\variants\arduino_101\libarc32drv_arduino101.a(port.o)
 .text.get_cpu_id
                0x40038838       0x14 C:\Users\15977\AppData\Local\arduino15\packages\Intel\hardware\arc32\2.0.2\variants\arduino_101\libarc32drv_arduino101.a(port.o)
                0x40038838                get_cpu_id
 .text.port_get_port_table
                0x4003884c       0x14 C:\Users\15977\AppData\Local\arduino15\packages\Intel\hardware\arc32\2.0.2\variants\arduino_101\libarc32drv_arduino101.a(port.o)
                0x4003884c                port_get_port_table
 .text.port_alloc
                0x40038860       0x64 C:\Users\15977\AppData\Local\arduino15\packages\Intel\hardware\arc32\2.0.2\variants\arduino_101\libarc32drv_arduino101.a(port.o)
                0x40038860                port_alloc
 .text.port_set_handler
                0x400388c4       0x28 C:\Users\15977\AppData\Local\arduino15\packages\Intel\hardware\arc32\2.0.2\variants\arduino_101\libarc32drv_arduino101.a(port.o)
                0x400388c4                port_set_handler
 .text.message_alloc
                0x400388ec       0x38 C:\Users\15977\AppData\Local\arduino15\packages\Intel\hardware\arc32\2.0.2\variants\arduino_101\libarc32drv_arduino101.a(port.o)
                0x400388ec                message_alloc
 .text.port_process_message
                0x40038924       0x40 C:\Users\15977\AppData\Local\arduino15\packages\Intel\hardware\arc32\2.0.2\variants\arduino_101\libarc32drv_arduino101.a(port.o)
                0x40038924                port_process_message
 .text.port_set_cpu_id
                0x40038964       0x28 C:\Users\15977\AppData\Local\arduino15\packages\Intel\hardware\arc32\2.0.2\variants\arduino_101\libarc32drv_arduino101.a(port.o)
                0x40038964                port_set_cpu_id
 .text.port_get_cpu_id
                0x4003898c       0x20 C:\Users\15977\AppData\Local\arduino15\packages\Intel\hardware\arc32\2.0.2\variants\arduino_101\libarc32drv_arduino101.a(port.o)
                0x4003898c                port_get_cpu_id
 .text.set_cpu_id
                0x400389ac       0x14 C:\Users\15977\AppData\Local\arduino15\packages\Intel\hardware\arc32\2.0.2\variants\arduino_101\libarc32drv_arduino101.a(port.o)
                0x400389ac                set_cpu_id
 .text.set_cpu_message_sender
                0x400389c0       0x18 C:\Users\15977\AppData\Local\arduino15\packages\Intel\hardware\arc32\2.0.2\variants\arduino_101\libarc32drv_arduino101.a(port.o)
                0x400389c0                set_cpu_message_sender
 .text.set_cpu_free_handler
                0x400389d8       0x18 C:\Users\15977\AppData\Local\arduino15\packages\Intel\hardware\arc32\2.0.2\variants\arduino_101\libarc32drv_arduino101.a(port.o)
                0x400389d8                set_cpu_free_handler
 .text.port_send_message
                0x400389f0       0x94 C:\Users\15977\AppData\Local\arduino15\packages\Intel\hardware\arc32\2.0.2\variants\arduino_101\libarc32drv_arduino101.a(port.o)
                0x400389f0                port_send_message
 .text.message_free
                0x40038a84       0x88 C:\Users\15977\AppData\Local\arduino15\packages\Intel\hardware\arc32\2.0.2\variants\arduino_101\libarc32drv_arduino101.a(port.o)
                0x40038a84                message_free
 .text.queue_process_message
                0x40038b0c       0x40 C:\Users\15977\AppData\Local\arduino15\packages\Intel\hardware\arc32\2.0.2\variants\arduino_101\libarc32drv_arduino101.a(port.o)
                0x40038b0c                queue_process_message
 .text.get_uptime_32k
                0x40038b4c       0x14 C:\Users\15977\AppData\Local\arduino15\packages\Intel\hardware\arc32\2.0.2\variants\arduino_101\libarc32drv_arduino101.a(uptime.o)
                0x40038b4c                get_uptime_32k
 .text.get_uptime_ms
                0x40038b60       0x28 C:\Users\15977\AppData\Local\arduino15\packages\Intel\hardware\arc32\2.0.2\variants\arduino_101\libarc32drv_arduino101.a(uptime.o)
                0x40038b60                get_uptime_ms
 .text.list_init
                0x40038b88       0x14 C:\Users\15977\AppData\Local\arduino15\packages\Intel\hardware\arc32\2.0.2\variants\arduino_101\libarc32drv_arduino101.a(list.o)
                0x40038b88                list_init
 .text.list_add
                0x40038b9c       0x28 C:\Users\15977\AppData\Local\arduino15\packages\Intel\hardware\arc32\2.0.2\variants\arduino_101\libarc32drv_arduino101.a(list.o)
                0x40038b9c                list_add
 .text.list_foreach_del
                0x40038bc4       0x60 C:\Users\15977\AppData\Local\arduino15\packages\Intel\hardware\arc32\2.0.2\variants\arduino_101\libarc32drv_arduino101.a(list.o)
                0x40038bc4                list_foreach_del
 .text.list_get
                0x40038c24       0x24 C:\Users\15977\AppData\Local\arduino15\packages\Intel\hardware\arc32\2.0.2\variants\arduino_101\libarc32drv_arduino101.a(list.o)
                0x40038c24                list_get
 .text.os_abstraction_init_malloc
                0x40038c48       0x44 C:\Users\15977\AppData\Local\arduino15\packages\Intel\hardware\arc32\2.0.2\variants\arduino_101\libarc32drv_arduino101.a(balloc.o)
                0x40038c48                os_abstraction_init_malloc
 .text.balloc   0x40038c8c       0xfc C:\Users\15977\AppData\Local\arduino15\packages\Intel\hardware\arc32\2.0.2\variants\arduino_101\libarc32drv_arduino101.a(balloc.o)
                0x40038c8c                balloc
 .text.bfree    0x40038d88       0xa8 C:\Users\15977\AppData\Local\arduino15\packages\Intel\hardware\arc32\2.0.2\variants\arduino_101\libarc32drv_arduino101.a(balloc.o)
                0x40038d88                bfree
 .text.queue_get_message
                0x40038e30       0x28 C:\Users\15977\AppData\Local\arduino15\packages\Intel\hardware\arc32\2.0.2\variants\arduino_101\libarc32drv_arduino101.a(os.o)
                0x40038e30                queue_get_message
 .text.queue_send_message
                0x40038e58       0x24 C:\Users\15977\AppData\Local\arduino15\packages\Intel\hardware\arc32\2.0.2\variants\arduino_101\libarc32drv_arduino101.a(os.o)
                0x40038e58                queue_send_message
 .text.queue_create
                0x40038e7c       0x54 C:\Users\15977\AppData\Local\arduino15\packages\Intel\hardware\arc32\2.0.2\variants\arduino_101\libarc32drv_arduino101.a(os.o)
                0x40038e7c                queue_create
 .text.mutex_create
                0x40038ed0       0x10 C:\Users\15977\AppData\Local\arduino15\packages\Intel\hardware\arc32\2.0.2\variants\arduino_101\libarc32drv_arduino101.a(os.o)
                0x40038ed0                mutex_create
 .text.mutex_unlock
                0x40038ee0        0xc C:\Users\15977\AppData\Local\arduino15\packages\Intel\hardware\arc32\2.0.2\variants\arduino_101\libarc32drv_arduino101.a(os.o)
                0x40038ee0                mutex_unlock
 .text.mutex_lock
                0x40038eec       0x10 C:\Users\15977\AppData\Local\arduino15\packages\Intel\hardware\arc32\2.0.2\variants\arduino_101\libarc32drv_arduino101.a(os.o)
                0x40038eec                mutex_lock
 .text.panic    0x40038efc       0x10 C:\Users\15977\AppData\Local\arduino15\packages\Intel\hardware\arc32\2.0.2\variants\arduino_101\libarc32drv_arduino101.a(panic.o)
                0x40038efc                panic
 .text.__assert_fail
                0x40038f0c       0x10 C:\Users\15977\AppData\Local\arduino15\packages\Intel\hardware\arc32\2.0.2\variants\arduino_101\libarc32drv_arduino101.a(panic.o)
                0x40038f0c                __assert_fail
 .text._Fault   0x40038f1c       0x50 C:\Users\15977\AppData\Local\arduino15\packages\Intel\hardware\arc32\2.0.2\variants\arduino_101\libarc32drv_arduino101.a(panic.o)
                0x40038f1c                _Fault
 .text.__assert_func
                0x40038f6c       0x74 c:/users/15977/appdata/local/arduino15/packages/intel/tools/arc-elf32/1.6.9+1.0.1/bin/../lib/gcc/arc-elf32/4.8.5/../../../../arc-elf32/lib\libc.a(lib_a-assert.o)
                0x40038f6c                __assert_func
 .text.fiprintf
                0x40038fe0       0x68 c:/users/15977/appdata/local/arduino15/packages/intel/tools/arc-elf32/1.6.9+1.0.1/bin/../lib/gcc/arc-elf32/4.8.5/../../../../arc-elf32/lib\libc.a(lib_a-fiprintf.o)
                0x40038fe0                fiprintf
 .text.__sprint_r
                0x40039048       0xf4 c:/users/15977/appdata/local/arduino15/packages/intel/tools/arc-elf32/1.6.9+1.0.1/bin/../lib/gcc/arc-elf32/4.8.5/../../../../arc-elf32/lib\libc.a(lib_a-vfiprintf.o)
                0x40039048                __sprint_r
 .text.__sbprintf
                0x4003913c       0xfc c:/users/15977/appdata/local/arduino15/packages/intel/tools/arc-elf32/1.6.9+1.0.1/bin/../lib/gcc/arc-elf32/4.8.5/../../../../arc-elf32/lib\libc.a(lib_a-vfiprintf.o)
 .text._vfiprintf_r
                0x40039238      0xdf0 c:/users/15977/appdata/local/arduino15/packages/intel/tools/arc-elf32/1.6.9+1.0.1/bin/../lib/gcc/arc-elf32/4.8.5/../../../../arc-elf32/lib\libc.a(lib_a-vfiprintf.o)
                0x40039238                _vfiprintf_r
 .text.__swsetup_r
                0x4003a028      0x134 c:/users/15977/appdata/local/arduino15/packages/intel/tools/arc-elf32/1.6.9+1.0.1/bin/../lib/gcc/arc-elf32/4.8.5/../../../../arc-elf32/lib\libc.a(lib_a-wsetup.o)
                0x4003a028                __swsetup_r
 .text.abort    0x4003a15c       0x14 c:/users/15977/appdata/local/arduino15/packages/intel/tools/arc-elf32/1.6.9+1.0.1/bin/../lib/gcc/arc-elf32/4.8.5/../../../../arc-elf32/lib\libc.a(lib_a-abort.o)
                0x4003a15c                abort
 .text.__sflush_r
                0x4003a170      0x23c c:/users/15977/appdata/local/arduino15/packages/intel/tools/arc-elf32/1.6.9+1.0.1/bin/../lib/gcc/arc-elf32/4.8.5/../../../../arc-elf32/lib\libc.a(lib_a-fflush.o)
                0x4003a170                __sflush_r
 .text._fflush_r
                0x4003a3ac       0x70 c:/users/15977/appdata/local/arduino15/packages/intel/tools/arc-elf32/1.6.9+1.0.1/bin/../lib/gcc/arc-elf32/4.8.5/../../../../arc-elf32/lib\libc.a(lib_a-fflush.o)
                0x4003a3ac                _fflush_r
 .text.std      0x4003a41c       0xc0 c:/users/15977/appdata/local/arduino15/packages/intel/tools/arc-elf32/1.6.9+1.0.1/bin/../lib/gcc/arc-elf32/4.8.5/../../../../arc-elf32/lib\libc.a(lib_a-findfp.o)
 .text._cleanup_r
                0x4003a4dc       0x30 c:/users/15977/appdata/local/arduino15/packages/intel/tools/arc-elf32/1.6.9+1.0.1/bin/../lib/gcc/arc-elf32/4.8.5/../../../../arc-elf32/lib\libc.a(lib_a-findfp.o)
                0x4003a4dc                _cleanup_r
 .text.__sinit  0x4003a50c       0xa8 c:/users/15977/appdata/local/arduino15/packages/intel/tools/arc-elf32/1.6.9+1.0.1/bin/../lib/gcc/arc-elf32/4.8.5/../../../../arc-elf32/lib\libc.a(lib_a-findfp.o)
                0x4003a50c                __sinit
 .text.__sfp_lock_acquire
                0x4003a5b4        0xc c:/users/15977/appdata/local/arduino15/packages/intel/tools/arc-elf32/1.6.9+1.0.1/bin/../lib/gcc/arc-elf32/4.8.5/../../../../arc-elf32/lib\libc.a(lib_a-findfp.o)
                0x4003a5b4                __sfp_lock_acquire
 .text.__sfp_lock_release
                0x4003a5c0        0xc c:/users/15977/appdata/local/arduino15/packages/intel/tools/arc-elf32/1.6.9+1.0.1/bin/../lib/gcc/arc-elf32/4.8.5/../../../../arc-elf32/lib\libc.a(lib_a-findfp.o)
                0x4003a5c0                __sfp_lock_release
 .text.__sinit_lock_acquire
                0x4003a5cc        0xc c:/users/15977/appdata/local/arduino15/packages/intel/tools/arc-elf32/1.6.9+1.0.1/bin/../lib/gcc/arc-elf32/4.8.5/../../../../arc-elf32/lib\libc.a(lib_a-findfp.o)
                0x4003a5cc                __sinit_lock_acquire
 .text.__sinit_lock_release
                0x4003a5d8        0xc c:/users/15977/appdata/local/arduino15/packages/intel/tools/arc-elf32/1.6.9+1.0.1/bin/../lib/gcc/arc-elf32/4.8.5/../../../../arc-elf32/lib\libc.a(lib_a-findfp.o)
                0x4003a5d8                __sinit_lock_release
 .text.__fputwc
                0x4003a5e4      0x190 c:/users/15977/appdata/local/arduino15/packages/intel/tools/arc-elf32/1.6.9+1.0.1/bin/../lib/gcc/arc-elf32/4.8.5/../../../../arc-elf32/lib\libc.a(lib_a-fputwc.o)
                0x4003a5e4                __fputwc
 .text._fputwc_r
                0x4003a774       0x84 c:/users/15977/appdata/local/arduino15/packages/intel/tools/arc-elf32/1.6.9+1.0.1/bin/../lib/gcc/arc-elf32/4.8.5/../../../../arc-elf32/lib\libc.a(lib_a-fputwc.o)
                0x4003a774                _fputwc_r
 .text._free_r  0x4003a7f8      0x43c c:/users/15977/appdata/local/arduino15/packages/intel/tools/arc-elf32/1.6.9+1.0.1/bin/../lib/gcc/arc-elf32/4.8.5/../../../../arc-elf32/lib\libc.a(lib_a-freer.o)
                0x4003a7f8                _free_r
 .text._malloc_trim_r
                0x4003ac34      0x164 c:/users/15977/appdata/local/arduino15/packages/intel/tools/arc-elf32/1.6.9+1.0.1/bin/../lib/gcc/arc-elf32/4.8.5/../../../../arc-elf32/lib\libc.a(lib_a-freer.o)
                0x4003ac34                _malloc_trim_r
 .text.__sfvwrite_r
                0x4003ad98      0x450 c:/users/15977/appdata/local/arduino15/packages/intel/tools/arc-elf32/1.6.9+1.0.1/bin/../lib/gcc/arc-elf32/4.8.5/../../../../arc-elf32/lib\libc.a(lib_a-fvwrite.o)
                0x4003ad98                __sfvwrite_r
 .text._fwalk_reent
                0x4003b1e8       0x88 c:/users/15977/appdata/local/arduino15/packages/intel/tools/arc-elf32/1.6.9+1.0.1/bin/../lib/gcc/arc-elf32/4.8.5/../../../../arc-elf32/lib\libc.a(lib_a-fwalk.o)
                0x4003b1e8                _fwalk_reent
 .text.__locale_charset
                0x4003b270       0x14 c:/users/15977/appdata/local/arduino15/packages/intel/tools/arc-elf32/1.6.9+1.0.1/bin/../lib/gcc/arc-elf32/4.8.5/../../../../arc-elf32/lib\libc.a(lib_a-locale.o)
                0x4003b270                __locale_charset
 .text.__locale_mb_cur_max
                0x4003b284       0x18 c:/users/15977/appdata/local/arduino15/packages/intel/tools/arc-elf32/1.6.9+1.0.1/bin/../lib/gcc/arc-elf32/4.8.5/../../../../arc-elf32/lib\libc.a(lib_a-locale.o)
                0x4003b284                __locale_mb_cur_max
 .text.__smakebuf_r
                0x4003b29c      0x154 c:/users/15977/appdata/local/arduino15/packages/intel/tools/arc-elf32/1.6.9+1.0.1/bin/../lib/gcc/arc-elf32/4.8.5/../../../../arc-elf32/lib\libc.a(lib_a-makebuf.o)
                0x4003b29c                __smakebuf_r
 .text.malloc_extend_top
                0x4003b3f0      0x2f8 c:/users/15977/appdata/local/arduino15/packages/intel/tools/arc-elf32/1.6.9+1.0.1/bin/../lib/gcc/arc-elf32/4.8.5/../../../../arc-elf32/lib\libc.a(lib_a-mallocr.o)
 .text._malloc_r
                0x4003b6e8      0x8d4 c:/users/15977/appdata/local/arduino15/packages/intel/tools/arc-elf32/1.6.9+1.0.1/bin/../lib/gcc/arc-elf32/4.8.5/../../../../arc-elf32/lib\libc.a(lib_a-mallocr.o)
                0x4003b6e8                _malloc_r
 .text.memchr   0x4003bfbc      0x170 c:/users/15977/appdata/local/arduino15/packages/intel/tools/arc-elf32/1.6.9+1.0.1/bin/../lib/gcc/arc-elf32/4.8.5/../../../../arc-elf32/lib\libc.a(lib_a-memchr.o)
                0x4003bfbc                memchr
 .text.memmove  0x4003c12c      0x1c0 c:/users/15977/appdata/local/arduino15/packages/intel/tools/arc-elf32/1.6.9+1.0.1/bin/../lib/gcc/arc-elf32/4.8.5/../../../../arc-elf32/lib\libc.a(lib_a-memmove.o)
                0x4003c12c                memmove
 .text.__malloc_lock
                0x4003c2ec       0x14 c:/users/15977/appdata/local/arduino15/packages/intel/tools/arc-elf32/1.6.9+1.0.1/bin/../lib/gcc/arc-elf32/4.8.5/../../../../arc-elf32/lib\libc.a(lib_a-mlock.o)
                0x4003c2ec                __malloc_lock
 .text.__malloc_unlock
                0x4003c300       0x14 c:/users/15977/appdata/local/arduino15/packages/intel/tools/arc-elf32/1.6.9+1.0.1/bin/../lib/gcc/arc-elf32/4.8.5/../../../../arc-elf32/lib\libc.a(lib_a-mlock.o)
                0x4003c300                __malloc_unlock
 .text._realloc_r
                0x4003c314      0x9e8 c:/users/15977/appdata/local/arduino15/packages/intel/tools/arc-elf32/1.6.9+1.0.1/bin/../lib/gcc/arc-elf32/4.8.5/../../../../arc-elf32/lib\libc.a(lib_a-reallocr.o)
                0x4003c314                _realloc_r
 .text._sbrk_r  0x4003ccfc       0x5c c:/users/15977/appdata/local/arduino15/packages/intel/tools/arc-elf32/1.6.9+1.0.1/bin/../lib/gcc/arc-elf32/4.8.5/../../../../arc-elf32/lib\libc.a(lib_a-sbrkr.o)
                0x4003ccfc                _sbrk_r
 .text._raise_r
                0x4003cd58       0xcc c:/users/15977/appdata/local/arduino15/packages/intel/tools/arc-elf32/1.6.9+1.0.1/bin/../lib/gcc/arc-elf32/4.8.5/../../../../arc-elf32/lib\libc.a(lib_a-signal.o)
                0x4003cd58                _raise_r
 .text.raise    0x4003ce24       0x30 c:/users/15977/appdata/local/arduino15/packages/intel/tools/arc-elf32/1.6.9+1.0.1/bin/../lib/gcc/arc-elf32/4.8.5/../../../../arc-elf32/lib\libc.a(lib_a-signal.o)
                0x4003ce24                raise
 .text._kill_r  0x4003ce54       0x64 c:/users/15977/appdata/local/arduino15/packages/intel/tools/arc-elf32/1.6.9+1.0.1/bin/../lib/gcc/arc-elf32/4.8.5/../../../../arc-elf32/lib\libc.a(lib_a-signalr.o)
                0x4003ce54                _kill_r
 .text._getpid_r
                0x4003ceb8       0x28 c:/users/15977/appdata/local/arduino15/packages/intel/tools/arc-elf32/1.6.9+1.0.1/bin/../lib/gcc/arc-elf32/4.8.5/../../../../arc-elf32/lib\libc.a(lib_a-signalr.o)
                0x4003ceb8                _getpid_r
 .text.__sread  0x4003cee0       0x68 c:/users/15977/appdata/local/arduino15/packages/intel/tools/arc-elf32/1.6.9+1.0.1/bin/../lib/gcc/arc-elf32/4.8.5/../../../../arc-elf32/lib\libc.a(lib_a-stdio.o)
                0x4003cee0                __sread
 .text.__swrite
                0x4003cf48       0x74 c:/users/15977/appdata/local/arduino15/packages/intel/tools/arc-elf32/1.6.9+1.0.1/bin/../lib/gcc/arc-elf32/4.8.5/../../../../arc-elf32/lib\libc.a(lib_a-stdio.o)
                0x4003cf48                __swrite
 .text.__sseek  0x4003cfbc       0x68 c:/users/15977/appdata/local/arduino15/packages/intel/tools/arc-elf32/1.6.9+1.0.1/bin/../lib/gcc/arc-elf32/4.8.5/../../../../arc-elf32/lib\libc.a(lib_a-stdio.o)
                0x4003cfbc                __sseek
 .text.__sclose
                0x4003d024       0x38 c:/users/15977/appdata/local/arduino15/packages/intel/tools/arc-elf32/1.6.9+1.0.1/bin/../lib/gcc/arc-elf32/4.8.5/../../../../arc-elf32/lib\libc.a(lib_a-stdio.o)
                0x4003d024                __sclose
 .text.__swbuf_r
                0x4003d05c      0x100 c:/users/15977/appdata/local/arduino15/packages/intel/tools/arc-elf32/1.6.9+1.0.1/bin/../lib/gcc/arc-elf32/4.8.5/../../../../arc-elf32/lib\libc.a(lib_a-wbuf.o)
                0x4003d05c                __swbuf_r
 .text._wcrtomb_r
                0x4003d15c       0xac c:/users/15977/appdata/local/arduino15/packages/intel/tools/arc-elf32/1.6.9+1.0.1/bin/../lib/gcc/arc-elf32/4.8.5/../../../../arc-elf32/lib\libc.a(lib_a-wcrtomb.o)
                0x4003d15c                _wcrtomb_r
 .text.__ascii_wctomb
                0x4003d208       0x60 c:/users/15977/appdata/local/arduino15/packages/intel/tools/arc-elf32/1.6.9+1.0.1/bin/../lib/gcc/arc-elf32/4.8.5/../../../../arc-elf32/lib\libc.a(lib_a-wctomb_r.o)
                0x4003d208                __ascii_wctomb
 .text._write_r
                0x4003d268       0x6c c:/users/15977/appdata/local/arduino15/packages/intel/tools/arc-elf32/1.6.9+1.0.1/bin/../lib/gcc/arc-elf32/4.8.5/../../../../arc-elf32/lib\libc.a(lib_a-writer.o)
                0x4003d268                _write_r
 .text._close_r
                0x4003d2d4       0x5c c:/users/15977/appdata/local/arduino15/packages/intel/tools/arc-elf32/1.6.9+1.0.1/bin/../lib/gcc/arc-elf32/4.8.5/../../../../arc-elf32/lib\libc.a(lib_a-closer.o)
                0x4003d2d4                _close_r
 .text._fclose_r
                0x4003d330       0xf8 c:/users/15977/appdata/local/arduino15/packages/intel/tools/arc-elf32/1.6.9+1.0.1/bin/../lib/gcc/arc-elf32/4.8.5/../../../../arc-elf32/lib\libc.a(lib_a-fclose.o)
                0x4003d330                _fclose_r
 .text._fstat_r
                0x4003d428       0x64 c:/users/15977/appdata/local/arduino15/packages/intel/tools/arc-elf32/1.6.9+1.0.1/bin/../lib/gcc/arc-elf32/4.8.5/../../../../arc-elf32/lib\libc.a(lib_a-fstatr.o)
                0x4003d428                _fstat_r
 .text._isatty_r
                0x4003d48c       0x5c c:/users/15977/appdata/local/arduino15/packages/intel/tools/arc-elf32/1.6.9+1.0.1/bin/../lib/gcc/arc-elf32/4.8.5/../../../../arc-elf32/lib\libc.a(lib_a-isattyr.o)
                0x4003d48c                _isatty_r
 .text._lseek_r
                0x4003d4e8       0x6c c:/users/15977/appdata/local/arduino15/packages/intel/tools/arc-elf32/1.6.9+1.0.1/bin/../lib/gcc/arc-elf32/4.8.5/../../../../arc-elf32/lib\libc.a(lib_a-lseekr.o)
                0x4003d4e8                _lseek_r
 .text._read_r  0x4003d554       0x6c c:/users/15977/appdata/local/arduino15/packages/intel/tools/arc-elf32/1.6.9+1.0.1/bin/../lib/gcc/arc-elf32/4.8.5/../../../../arc-elf32/lib\libc.a(lib_a-readr.o)
                0x4003d554                _read_r
 .text.__udivdi3
                0x4003d5c0      0x378 c:/users/15977/appdata/local/arduino15/packages/intel/tools/arc-elf32/1.6.9+1.0.1/bin/../lib/gcc/arc-elf32/4.8.5\libgcc.a(_udivdi3.o)
                0x4003d5c0                __udivdi3
 .text.__umoddi3
                0x4003d938      0x33c c:/users/15977/appdata/local/arduino15/packages/intel/tools/arc-elf32/1.6.9+1.0.1/bin/../lib/gcc/arc-elf32/4.8.5\libgcc.a(_umoddi3.o)
                0x4003d938                __umoddi3
 .text._Z11SRO4_Updatev
                0x4003dc74       0x24 C:\Users\15977\AppData\Local\Temp\VMBuilds\SmallCar\Intel_intel_arc32_arduino_101\Debug\SmallCar.cpp.o
                0x4003dc74                SRO4_Update()
 .text.loop     0x4003dc98       0xe8 C:\Users\15977\AppData\Local\Temp\VMBuilds\SmallCar\Intel_intel_arc32_arduino_101\Debug\SmallCar.cpp.o
                0x4003dc98                loop
 .text._GLOBAL__sub_I___VisualMicro_DEBUG_1_HITCOUNTER__
                0x4003dd80       0x24 C:\Users\15977\AppData\Local\Temp\VMBuilds\SmallCar\Intel_intel_arc32_arduino_101\Debug\SmallCar.cpp.o
 .text.setup    0x4003dda4       0xc4 C:\Users\15977\AppData\Local\Temp\VMBuilds\SmallCar\Intel_intel_arc32_arduino_101\Debug\SmallCar.cpp.o
                0x4003dda4                setup
 .text._ZN16VisualMicroDebug10DBG_MillisEv
                0x4003de68       0x14 C:\Users\15977\AppData\Local\Temp\VMBuilds\SmallCar\Intel_intel_arc32_arduino_101\Debug\VM_DBG\VM_DBG.cpp.o
                0x4003de68                VisualMicroDebug::DBG_Millis()
 .text._ZN16VisualMicroDebug17OnBreakPointBeginEm
                0x4003de7c       0x2c C:\Users\15977\AppData\Local\Temp\VMBuilds\SmallCar\Intel_intel_arc32_arduino_101\Debug\VM_DBG\VM_DBG.cpp.o
                0x4003de7c                VisualMicroDebug::OnBreakPointBegin(unsigned long)
 .text._ZN16VisualMicroDebug22OnBreakPointPrintBeginEh
                0x4003dea8       0x84 C:\Users\15977\AppData\Local\Temp\VMBuilds\SmallCar\Intel_intel_arc32_arduino_101\Debug\VM_DBG\VM_DBG.cpp.o
                0x4003dea8                VisualMicroDebug::OnBreakPointPrintBegin(unsigned char)
 .text._ZN16VisualMicroDebug20OnBreakPointPrintEndEv
                0x4003df2c       0x18 C:\Users\15977\AppData\Local\Temp\VMBuilds\SmallCar\Intel_intel_arc32_arduino_101\Debug\VM_DBG\VM_DBG.cpp.o
                0x4003df2c                VisualMicroDebug::OnBreakPointPrintEnd()
 .text._ZN16VisualMicroDebug15OnBreakPointEndEv
                0x4003df44       0x24 C:\Users\15977\AppData\Local\Temp\VMBuilds\SmallCar\Intel_intel_arc32_arduino_101\Debug\VM_DBG\VM_DBG.cpp.o
                0x4003df44                VisualMicroDebug::OnBreakPointEnd()
 .text._ZN16VisualMicroDebug14outPacketStartEb
                0x4003df68       0x3c C:\Users\15977\AppData\Local\Temp\VMBuilds\SmallCar\Intel_intel_arc32_arduino_101\Debug\VM_DBG\VM_DBG.cpp.o
                0x4003df68                VisualMicroDebug::outPacketStart(bool)
 .text._ZN16VisualMicroDebug12outPacketEndEv
                0x4003dfa4        0xc C:\Users\15977\AppData\Local\Temp\VMBuilds\SmallCar\Intel_intel_arc32_arduino_101\Debug\VM_DBG\VM_DBG.cpp.o
                0x4003dfa4                VisualMicroDebug::outPacketEnd()
 .text._ZN16VisualMicroDebug4initEm
                0x4003dfb0       0x20 C:\Users\15977\AppData\Local\Temp\VMBuilds\SmallCar\Intel_intel_arc32_arduino_101\Debug\VM_DBG\VM_DBG.cpp.o
                0x4003dfb0                VisualMicroDebug::init(unsigned long)
 .text._ZN16VisualMicroDebug5beginEP14CDCSerialClassm
                0x4003dfd0       0x48 C:\Users\15977\AppData\Local\Temp\VMBuilds\SmallCar\Intel_intel_arc32_arduino_101\Debug\VM_DBG\VM_DBG.cpp.o
                0x4003dfd0                VisualMicroDebug::begin(CDCSerialClass*, unsigned long)
 .text._ZN16VisualMicroDebug4readEv
                0x4003e018       0x1c C:\Users\15977\AppData\Local\Temp\VMBuilds\SmallCar\Intel_intel_arc32_arduino_101\Debug\VM_DBG\VM_DBG.cpp.o
                0x4003e018                VisualMicroDebug::read()
 .text._ZN16VisualMicroDebug9availableEv
                0x4003e034       0x1c C:\Users\15977\AppData\Local\Temp\VMBuilds\SmallCar\Intel_intel_arc32_arduino_101\Debug\VM_DBG\VM_DBG.cpp.o
                0x4003e034                VisualMicroDebug::available()
 .text._ZN16VisualMicroDebug16sendContinuedACKEh
                0x4003e050       0x50 C:\Users\15977\AppData\Local\Temp\VMBuilds\SmallCar\Intel_intel_arc32_arduino_101\Debug\VM_DBG\VM_DBG.cpp.o
                0x4003e050                VisualMicroDebug::sendContinuedACK(unsigned char)
 .text._ZN16VisualMicroDebug9breakWaitEh
                0x4003e0a0       0x7c C:\Users\15977\AppData\Local\Temp\VMBuilds\SmallCar\Intel_intel_arc32_arduino_101\Debug\VM_DBG\VM_DBG.cpp.o
                0x4003e0a0                VisualMicroDebug::breakWait(unsigned char)
 .text._ZN16VisualMicroDebug5startEbb
                0x4003e11c       0x38 C:\Users\15977\AppData\Local\Temp\VMBuilds\SmallCar\Intel_intel_arc32_arduino_101\Debug\VM_DBG\VM_DBG.cpp.o
                0x4003e11c                VisualMicroDebug::start(bool, bool)
 .text._GLOBAL__sub_I__ZN16VisualMicroDebug10DBG_MillisEv
                0x4003e154       0x1c C:\Users\15977\AppData\Local\Temp\VMBuilds\SmallCar\Intel_intel_arc32_arduino_101\Debug\VM_DBG\VM_DBG.cpp.o
 .text._ZN5Blink5beginEi
                0x4003e170       0x18 C:\Users\15977\AppData\Local\Temp\VMBuilds\SmallCar\Intel_intel_arc32_arduino_101\Debug\Blink.cpp.o
                0x4003e170                Blink::begin(int)
 .text._ZN5Blink3runEv
                0x4003e188       0x58 C:\Users\15977\AppData\Local\Temp\VMBuilds\SmallCar\Intel_intel_arc32_arduino_101\Debug\Blink.cpp.o
                0x4003e188                Blink::run()
 .text._ZN5DHT11C2Ev
                0x4003e1e0        0xc C:\Users\15977\AppData\Local\Temp\VMBuilds\SmallCar\Intel_intel_arc32_arduino_101\Debug\DHT11.cpp.o
                0x4003e1e0                DHT11::DHT11()
                0x4003e1e0                DHT11::DHT11()
 .text._ZN5DHT115beginEi
                0x4003e1ec       0x10 C:\Users\15977\AppData\Local\Temp\VMBuilds\SmallCar\Intel_intel_arc32_arduino_101\Debug\DHT11.cpp.o
                0x4003e1ec                DHT11::begin(int)
 .text._ZN4SR04C2Ev
                0x4003e1fc        0xc C:\Users\15977\AppData\Local\Temp\VMBuilds\SmallCar\Intel_intel_arc32_arduino_101\Debug\SR04.cpp.o
                0x4003e1fc                SR04::SR04()
                0x4003e1fc                SR04::SR04()
 .text._ZN4SR045beginEii
                0x4003e208       0x34 C:\Users\15977\AppData\Local\Temp\VMBuilds\SmallCar\Intel_intel_arc32_arduino_101\Debug\SR04.cpp.o
                0x4003e208                SR04::begin(int, int)
 .text._ZN4SR0411GetDistanceEv
                0x4003e23c       0x80 C:\Users\15977\AppData\Local\Temp\VMBuilds\SmallCar\Intel_intel_arc32_arduino_101\Debug\SR04.cpp.o
                0x4003e23c                SR04::GetDistance()
 .text._Z11serialEventv
                0x4003e2bc        0xc C:\Users\15977\AppData\Local\Temp\VMBuilds\SmallCar\Intel_intel_arc32_arduino_101\Debug\variant\variant.cpp.o
                0x4003e2bc                serialEvent()
 .text._Z12UART_Handlerv
                0x4003e2c8       0x14 C:\Users\15977\AppData\Local\Temp\VMBuilds\SmallCar\Intel_intel_arc32_arduino_101\Debug\variant\variant.cpp.o
                0x4003e2c8                UART_Handler()
 .text._Z12serialEvent1v
                0x4003e2dc        0xc C:\Users\15977\AppData\Local\Temp\VMBuilds\SmallCar\Intel_intel_arc32_arduino_101\Debug\variant\variant.cpp.o
                0x4003e2dc                serialEvent1()
 .text.variantGpioInit
                0x4003e2e8      0x104 C:\Users\15977\AppData\Local\Temp\VMBuilds\SmallCar\Intel_intel_arc32_arduino_101\Debug\variant\variant.cpp.o
                0x4003e2e8                variantGpioInit
 .text.variantPwmInit
                0x4003e3ec       0x3c C:\Users\15977\AppData\Local\Temp\VMBuilds\SmallCar\Intel_intel_arc32_arduino_101\Debug\variant\variant.cpp.o
                0x4003e3ec                variantPwmInit
 .text.variantAdcInit
                0x4003e428       0xa8 C:\Users\15977\AppData\Local\Temp\VMBuilds\SmallCar\Intel_intel_arc32_arduino_101\Debug\variant\variant.cpp.o
                0x4003e428                variantAdcInit
 .text.initVariant
                0x4003e4d0       0x4c C:\Users\15977\AppData\Local\Temp\VMBuilds\SmallCar\Intel_intel_arc32_arduino_101\Debug\variant\variant.cpp.o
                0x4003e4d0                initVariant
 .text._GLOBAL__sub_I_g_APinDescription
                0x4003e51c       0x5c C:\Users\15977\AppData\Local\Temp\VMBuilds\SmallCar\Intel_intel_arc32_arduino_101\Debug\variant\variant.cpp.o
 .text._Z14serialEventRunv
                0x4003e578       0x38 C:\Users\15977\AppData\Local\Temp\VMBuilds\SmallCar\Intel_intel_arc32_arduino_101\Debug\variant\variant.cpp.o
                0x4003e578                serialEventRun()
 .text.delay    0x4003e5b0       0xc4 C:\Users\15977\AppData\Local\Temp\VMBuilds\SmallCar\Intel_intel_arc32_arduino_101\Debug/core.a(wiring.c.o)
                0x4003e5b0                delay
 .text.millis   0x4003e674       0x40 C:\Users\15977\AppData\Local\Temp\VMBuilds\SmallCar\Intel_intel_arc32_arduino_101\Debug/core.a(wiring.c.o)
                0x4003e674                millis
 .text.micros   0x4003e6b4       0x3c C:\Users\15977\AppData\Local\Temp\VMBuilds\SmallCar\Intel_intel_arc32_arduino_101\Debug/core.a(wiring.c.o)
                0x4003e6b4                micros
 .text.pinMode  0x4003e6f0       0xfc C:\Users\15977\AppData\Local\Temp\VMBuilds\SmallCar\Intel_intel_arc32_arduino_101\Debug/core.a(wiring_digital.c.o)
                0x4003e6f0                pinMode
 .text.digitalWrite
                0x4003e7ec      0x100 C:\Users\15977\AppData\Local\Temp\VMBuilds\SmallCar\Intel_intel_arc32_arduino_101\Debug/core.a(wiring_digital.c.o)
                0x4003e7ec                digitalWrite
 .text.digitalRead
                0x4003e8ec       0x54 C:\Users\15977\AppData\Local\Temp\VMBuilds\SmallCar\Intel_intel_arc32_arduino_101\Debug/core.a(wiring_digital.c.o)
                0x4003e8ec                digitalRead
 .text.dccm_malloc
                0x4003e940       0x30 C:\Users\15977\AppData\Local\Temp\VMBuilds\SmallCar\Intel_intel_arc32_arduino_101\Debug/core.a(dccm_alloc.c.o)
                0x4003e940                dccm_malloc
 .text.dccm_memalign
                0x4003e970       0x38 C:\Users\15977\AppData\Local\Temp\VMBuilds\SmallCar\Intel_intel_arc32_arduino_101\Debug/core.a(dccm_alloc.c.o)
                0x4003e970                dccm_memalign
 .text._ZN14CDCSerialClass3endEv
                0x4003e9a8       0x14 C:\Users\15977\AppData\Local\Temp\VMBuilds\SmallCar\Intel_intel_arc32_arduino_101\Debug/core.a(CDCSerialClass.cpp.o)
                0x4003e9a8                CDCSerialClass::end()
 .text._ZN14CDCSerialClass4peekEv
                0x4003e9bc       0x28 C:\Users\15977\AppData\Local\Temp\VMBuilds\SmallCar\Intel_intel_arc32_arduino_101\Debug/core.a(CDCSerialClass.cpp.o)
                0x4003e9bc                CDCSerialClass::peek()
 .text._ZN14CDCSerialClass4readEv
                0x4003e9e4       0x48 C:\Users\15977\AppData\Local\Temp\VMBuilds\SmallCar\Intel_intel_arc32_arduino_101\Debug/core.a(CDCSerialClass.cpp.o)
                0x4003e9e4                CDCSerialClass::read()
 .text._ZN14CDCSerialClasscvbEv
                0x4003ea2c       0x30 C:\Users\15977\AppData\Local\Temp\VMBuilds\SmallCar\Intel_intel_arc32_arduino_101\Debug/core.a(CDCSerialClass.cpp.o)
                0x4003ea2c                CDCSerialClass::operator bool()
 .text._ZN14CDCSerialClass5flushEv
                0x4003ea5c       0x2c C:\Users\15977\AppData\Local\Temp\VMBuilds\SmallCar\Intel_intel_arc32_arduino_101\Debug/core.a(CDCSerialClass.cpp.o)
                0x4003ea5c                CDCSerialClass::flush()
 .text._ZN14CDCSerialClass9availableEv
                0x4003ea88       0x40 C:\Users\15977\AppData\Local\Temp\VMBuilds\SmallCar\Intel_intel_arc32_arduino_101\Debug/core.a(CDCSerialClass.cpp.o)
                0x4003ea88                CDCSerialClass::available()
 .text._ZN14CDCSerialClass5writeEh
                0x4003eac8       0x4c C:\Users\15977\AppData\Local\Temp\VMBuilds\SmallCar\Intel_intel_arc32_arduino_101\Debug/core.a(CDCSerialClass.cpp.o)
                0x4003eac8                CDCSerialClass::write(unsigned char)
 .text._ZN14CDCSerialClassC2EP14uart_init_info
                0x4003eb14       0x20 C:\Users\15977\AppData\Local\Temp\VMBuilds\SmallCar\Intel_intel_arc32_arduino_101\Debug/core.a(CDCSerialClass.cpp.o)
                0x4003eb14                CDCSerialClass::CDCSerialClass(uart_init_info*)
                0x4003eb14                CDCSerialClass::CDCSerialClass(uart_init_info*)
 .text._ZN14CDCSerialClass13setSharedDataEP19cdc_acm_shared_data
                0x4003eb34       0x18 C:\Users\15977\AppData\Local\Temp\VMBuilds\SmallCar\Intel_intel_arc32_arduino_101\Debug/core.a(CDCSerialClass.cpp.o)
                0x4003eb34                CDCSerialClass::setSharedData(cdc_acm_shared_data*)
 .text._ZN14CDCSerialClass4initEmh
                0x4003eb4c       0x28 C:\Users\15977\AppData\Local\Temp\VMBuilds\SmallCar\Intel_intel_arc32_arduino_101\Debug/core.a(CDCSerialClass.cpp.o)
                0x4003eb4c                CDCSerialClass::init(unsigned long, unsigned char)
 .text._ZN14CDCSerialClass5beginEm
                0x4003eb74       0x10 C:\Users\15977\AppData\Local\Temp\VMBuilds\SmallCar\Intel_intel_arc32_arduino_101\Debug/core.a(CDCSerialClass.cpp.o)
                0x4003eb74                CDCSerialClass::begin(unsigned long)
 .text.main     0x4003eb84       0x28 C:\Users\15977\AppData\Local\Temp\VMBuilds\SmallCar\Intel_intel_arc32_arduino_101\Debug/core.a(main.cpp.o)
                0x4003eb84                main
 .text._ZN5Print5writeEPKhj
                0x4003ebac       0x38 C:\Users\15977\AppData\Local\Temp\VMBuilds\SmallCar\Intel_intel_arc32_arduino_101\Debug/core.a(Print.cpp.o)
                0x4003ebac                Print::write(unsigned char const*, unsigned int)
 .text._ZN5Print5writeEPKc
                0x4003ebe4       0x44 C:\Users\15977\AppData\Local\Temp\VMBuilds\SmallCar\Intel_intel_arc32_arduino_101\Debug/core.a(Print.cpp.o)
                0x4003ebe4                Print::write(char const*)
 .text._ZN5Print5printEPKc
                0x4003ec28       0x10 C:\Users\15977\AppData\Local\Temp\VMBuilds\SmallCar\Intel_intel_arc32_arduino_101\Debug/core.a(Print.cpp.o)
                0x4003ec28                Print::print(char const*)
 .text._ZN5Print5printEc
                0x4003ec38       0x14 C:\Users\15977\AppData\Local\Temp\VMBuilds\SmallCar\Intel_intel_arc32_arduino_101\Debug/core.a(Print.cpp.o)
                0x4003ec38                Print::print(char)
 .text._ZN5Print7printlnEv
                0x4003ec4c       0x2c C:\Users\15977\AppData\Local\Temp\VMBuilds\SmallCar\Intel_intel_arc32_arduino_101\Debug/core.a(Print.cpp.o)
                0x4003ec4c                Print::println()
 .text._ZN5Print7printlnEPKc
                0x4003ec78       0x28 C:\Users\15977\AppData\Local\Temp\VMBuilds\SmallCar\Intel_intel_arc32_arduino_101\Debug/core.a(Print.cpp.o)
                0x4003ec78                Print::println(char const*)
 .text._ZN5Print11printNumberEmh
                0x4003eca0       0x68 C:\Users\15977\AppData\Local\Temp\VMBuilds\SmallCar\Intel_intel_arc32_arduino_101\Debug/core.a(Print.cpp.o)
                0x4003eca0                Print::printNumber(unsigned long, unsigned char)
 .text._ZN5Print5printEmi
                0x4003ed08       0x20 C:\Users\15977\AppData\Local\Temp\VMBuilds\SmallCar\Intel_intel_arc32_arduino_101\Debug/core.a(Print.cpp.o)
                0x4003ed08                Print::print(unsigned long, int)
 .text._ZN5Print5printEhi
                0x4003ed28       0x10 C:\Users\15977\AppData\Local\Temp\VMBuilds\SmallCar\Intel_intel_arc32_arduino_101\Debug/core.a(Print.cpp.o)
                0x4003ed28                Print::print(unsigned char, int)
 .text._ZN5Print13printLongLongEyh
                0x4003ed38       0x7c C:\Users\15977\AppData\Local\Temp\VMBuilds\SmallCar\Intel_intel_arc32_arduino_101\Debug/core.a(Print.cpp.o)
                0x4003ed38                Print::printLongLong(unsigned long long, unsigned char)
 .text._ZN5Print5printEyi
                0x4003edb4       0x20 C:\Users\15977\AppData\Local\Temp\VMBuilds\SmallCar\Intel_intel_arc32_arduino_101\Debug/core.a(Print.cpp.o)
                0x4003edb4                Print::print(unsigned long long, int)
 .text.printk   0x4003edd4        0xc C:\Users\15977\AppData\Local\Temp\VMBuilds\SmallCar\Intel_intel_arc32_arduino_101\Debug/core.a(printk.cpp.o)
                0x4003edd4                printk
 .text._ZN10RingBufferC2Ev
                0x4003ede0       0x34 C:\Users\15977\AppData\Local\Temp\VMBuilds\SmallCar\Intel_intel_arc32_arduino_101\Debug/core.a(RingBuffer.cpp.o)
                0x4003ede0                RingBuffer::RingBuffer()
                0x4003ede0                RingBuffer::RingBuffer()
 .text._ZN10RingBuffer10store_charEh